###############################################################################
#
# IAR ELF Linker V9.70.1.475/W64 for ARM                  21/Jul/2026  20:30:56
# Copyright 2007-2025 IAR Systems AB.
#
#    Output file  =
#        E:\Code_Workspace\01_GD32_Project\05_GD32F103RCT6\01_Servo_Control_JW_V2.0_OTA\boot\project\iar\Debug\Exe\Servo_Control_boot.out
#    Map file     =
#        E:\Code_Workspace\01_GD32_Project\05_GD32F103RCT6\01_Servo_Control_JW_V2.0_OTA\boot\project\iar\Debug\List\Servo_Control_boot.map
#    Command line =
#        -f
#        E:\Code_Workspace\01_GD32_Project\05_GD32F103RCT6\01_Servo_Control_JW_V2.0_OTA\boot\project\iar\Debug\Exe\Servo_Control_boot.out.rsp
#        (E:\Code_Workspace\01_GD32_Project\05_GD32F103RCT6\01_Servo_Control_JW_V2.0_OTA\boot\project\iar\Debug\Obj\Application_4454359601498626787.dir\app_main.o
#        E:\Code_Workspace\01_GD32_Project\05_GD32F103RCT6\01_Servo_Control_JW_V2.0_OTA\boot\project\iar\Debug\Obj\BSP_15524770269462287228.dir\board.o
#        E:\Code_Workspace\01_GD32_Project\05_GD32F103RCT6\01_Servo_Control_JW_V2.0_OTA\boot\project\iar\Debug\Obj\Middleware_7092250950176845902.dir\delay.o
#        E:\Code_Workspace\01_GD32_Project\05_GD32F103RCT6\01_Servo_Control_JW_V2.0_OTA\boot\project\iar\Debug\Obj\Device_13867102261166347011.dir\dev_flash.o
#        E:\Code_Workspace\01_GD32_Project\05_GD32F103RCT6\01_Servo_Control_JW_V2.0_OTA\boot\project\iar\Debug\Obj\Device_13867102261166347011.dir\dev_gpio.o
#        E:\Code_Workspace\01_GD32_Project\05_GD32F103RCT6\01_Servo_Control_JW_V2.0_OTA\boot\project\iar\Debug\Obj\Device_13867102261166347011.dir\dev_i2c.o
#        E:\Code_Workspace\01_GD32_Project\05_GD32F103RCT6\01_Servo_Control_JW_V2.0_OTA\boot\project\iar\Debug\Obj\Device_13867102261166347011.dir\dev_uart.o
#        E:\Code_Workspace\01_GD32_Project\05_GD32F103RCT6\01_Servo_Control_JW_V2.0_OTA\boot\project\iar\Debug\Obj\Device_13867102261166347011.dir\device.o
#        E:\Code_Workspace\01_GD32_Project\05_GD32F103RCT6\01_Servo_Control_JW_V2.0_OTA\boot\project\iar\Debug\Obj\Drivers_14040216300654056098.dir\drv_flash.o
#        E:\Code_Workspace\01_GD32_Project\05_GD32F103RCT6\01_Servo_Control_JW_V2.0_OTA\boot\project\iar\Debug\Obj\Drivers_14040216300654056098.dir\drv_gpio.o
#        E:\Code_Workspace\01_GD32_Project\05_GD32F103RCT6\01_Servo_Control_JW_V2.0_OTA\boot\project\iar\Debug\Obj\Drivers_14040216300654056098.dir\drv_i2c.o
#        E:\Code_Workspace\01_GD32_Project\05_GD32F103RCT6\01_Servo_Control_JW_V2.0_OTA\boot\project\iar\Debug\Obj\Drivers_14040216300654056098.dir\drv_uart.o
#        E:\Code_Workspace\01_GD32_Project\05_GD32F103RCT6\01_Servo_Control_JW_V2.0_OTA\boot\project\iar\Debug\Obj\Components_9784877210825960795.dir\eeprom.o
#        E:\Code_Workspace\01_GD32_Project\05_GD32F103RCT6\01_Servo_Control_JW_V2.0_OTA\boot\project\iar\Debug\Obj\GD32_StdPeriph_7574966078678928165.dir\gd32f10x_dma.o
#        E:\Code_Workspace\01_GD32_Project\05_GD32F103RCT6\01_Servo_Control_JW_V2.0_OTA\boot\project\iar\Debug\Obj\GD32_StdPeriph_7574966078678928165.dir\gd32f10x_exti.o
#        E:\Code_Workspace\01_GD32_Project\05_GD32F103RCT6\01_Servo_Control_JW_V2.0_OTA\boot\project\iar\Debug\Obj\GD32_StdPeriph_7574966078678928165.dir\gd32f10x_fmc.o
#        E:\Code_Workspace\01_GD32_Project\05_GD32F103RCT6\01_Servo_Control_JW_V2.0_OTA\boot\project\iar\Debug\Obj\GD32_StdPeriph_7574966078678928165.dir\gd32f10x_gpio.o
#        E:\Code_Workspace\01_GD32_Project\05_GD32F103RCT6\01_Servo_Control_JW_V2.0_OTA\boot\project\iar\Debug\Obj\GD32_StdPeriph_7574966078678928165.dir\gd32f10x_i2c.o
#        E:\Code_Workspace\01_GD32_Project\05_GD32F103RCT6\01_Servo_Control_JW_V2.0_OTA\boot\project\iar\Debug\Obj\GD32_Device_17593986840209447769.dir\gd32f10x_it.o
#        E:\Code_Workspace\01_GD32_Project\05_GD32F103RCT6\01_Servo_Control_JW_V2.0_OTA\boot\project\iar\Debug\Obj\GD32_StdPeriph_7574966078678928165.dir\gd32f10x_misc.o
#        E:\Code_Workspace\01_GD32_Project\05_GD32F103RCT6\01_Servo_Control_JW_V2.0_OTA\boot\project\iar\Debug\Obj\GD32_StdPeriph_7574966078678928165.dir\gd32f10x_rcu.o
#        E:\Code_Workspace\01_GD32_Project\05_GD32F103RCT6\01_Servo_Control_JW_V2.0_OTA\boot\project\iar\Debug\Obj\GD32_StdPeriph_7574966078678928165.dir\gd32f10x_usart.o
#        E:\Code_Workspace\01_GD32_Project\05_GD32F103RCT6\01_Servo_Control_JW_V2.0_OTA\boot\project\iar\Debug\Obj\Application_4454359601498626787.dir\main.o
#        E:\Code_Workspace\01_GD32_Project\05_GD32F103RCT6\01_Servo_Control_JW_V2.0_OTA\boot\project\iar\Debug\Obj\ota_servoces_13819360324431624716.dir\ota_flash.o
#        E:\Code_Workspace\01_GD32_Project\05_GD32F103RCT6\01_Servo_Control_JW_V2.0_OTA\boot\project\iar\Debug\Obj\ota_servoces_13819360324431624716.dir\ota_image.o
#        E:\Code_Workspace\01_GD32_Project\05_GD32F103RCT6\01_Servo_Control_JW_V2.0_OTA\boot\project\iar\Debug\Obj\ota_servoces_13819360324431624716.dir\ota_protocol.o
#        E:\Code_Workspace\01_GD32_Project\05_GD32F103RCT6\01_Servo_Control_JW_V2.0_OTA\boot\project\iar\Debug\Obj\ota_servoces_13819360324431624716.dir\ota_service.o
#        E:\Code_Workspace\01_GD32_Project\05_GD32F103RCT6\01_Servo_Control_JW_V2.0_OTA\boot\project\iar\Debug\Obj\Startup_17868067532763321386.dir\startup_gd32f10x_hd.o
#        E:\Code_Workspace\01_GD32_Project\05_GD32F103RCT6\01_Servo_Control_JW_V2.0_OTA\boot\project\iar\Debug\Obj\GD32_Device_17593986840209447769.dir\system_gd32f10x.o
#        E:\Code_Workspace\01_GD32_Project\05_GD32F103RCT6\01_Servo_Control_JW_V2.0_OTA\boot\project\iar\Debug\Obj\Middleware_7092250950176845902.dir\utils_lib.o
#        --no_out_extension -o
#        E:\Code_Workspace\01_GD32_Project\05_GD32F103RCT6\01_Servo_Control_JW_V2.0_OTA\boot\project\iar\Debug\Exe\Servo_Control_boot.out
#        --map
#        E:\Code_Workspace\01_GD32_Project\05_GD32F103RCT6\01_Servo_Control_JW_V2.0_OTA\boot\project\iar\Debug\List\Servo_Control_boot.map
#        --config
#        E:\Code_Workspace\01_GD32_Project\05_GD32F103RCT6\01_Servo_Control_JW_V2.0_OTA\boot\project\iar\linker\GD32F103xC.icf
#        --semihosting --entry __iar_program_start --vfe --text_out locale
#        --cpu=Cortex-M3 --fpu=None) --diagnostics_format=sarif_stdout
#        --dependencies=n
#        E:\Code_Workspace\01_GD32_Project\05_GD32F103RCT6\01_Servo_Control_JW_V2.0_OTA\boot\project\iar\Debug\Exe\Servo_Control_boot.out.iar_deps
#        --dynamic_output
#        E:\Code_Workspace\01_GD32_Project\05_GD32F103RCT6\01_Servo_Control_JW_V2.0_OTA\boot\project\iar\Debug\Exe\Servo_Control_boot.out.iar_dynout
#
###############################################################################

*******************************************************************************
*** RUNTIME MODEL ATTRIBUTES
***

CppFlavor       = *
__CPP_Runtime   = 1
__SystemLibrary = DLib
__dlib_version  = 6


*******************************************************************************
*** HEAP SELECTION
***

The basic heap was selected because --advanced_heap
was not specified and the application did not appear to
be primarily optimized for speed.


*******************************************************************************
*** PLACEMENT SUMMARY
***

"A0":  place at address 0x800'0000 {  ro section .intvec };
"P1":  place in [from 0x800'0000 to 0x800'7fff] {  ro };
define block CSTACK with size = 1K, alignment = 8 { };
define block PROC_STACK with size = 0, alignment = 8 { };
define block HEAP with size = 2K, alignment = 8 { };
"P2":  place in [from 0x2000'0000 to 0x2000'bfff] {
           rw,  block CSTACK,  block PROC_STACK,  block HEAP };
initialize by copy {  rw };

  Section            Kind         Address  Alignment    Size  Object
  -------            ----         -------  ---------    ----  ------
"A0":                                                  0x130
  .intvec            ro code   0x800'0000          4   0x130  startup_gd32f10x_hd.o [9]
                             - 0x800'0130              0x130

"P1":                                                 0x531c
  .text              ro code   0x800'0130          4   0x9d0  drv_i2c.o [5]
  .text              ro code   0x800'0b00          4   0x26c  gd32f10x_i2c.o [7]
  .text              ro code   0x800'0d6c          4   0x1b4  gd32f10x_rcu.o [7]
  .text              ro code   0x800'0f20          4   0x110  gd32f10x_gpio.o [7]
  .text              ro code   0x800'1030          4   0x1c4  device.o [4]
  .text              ro code   0x800'11f4          4    0x66  ABImemset.o [12]
  .text              ro code   0x800'125a          2    0x2a  copy_init3.o [12]
  .text              ro code   0x800'1284          4    0xa6  ABImemcpy.o [12]
  .text              ro code   0x800'132a          2     0xe  gd32f10x_it.o [6]
  .text              ro code   0x800'1338          4    0x12  strcmp.o [12]
  .text              ro code   0x800'134c          4   0x998  ota_service.o [10]
  .text              ro code   0x800'1ce4          4   0x1d4  ota_image.o [10]
  .text              ro code   0x800'1eb8          4   0x248  app_main.o [1]
  .text              ro code   0x800'2100          4    0xe0  utils_lib.o [8]
  .text              ro code   0x800'21e0          2   0x234  ota_protocol.o [10]
  .text              ro code   0x800'2414          4   0x3ea  dev_uart.o [4]
  .text              ro code   0x800'2800          4   0x2b4  ota_flash.o [10]
  .text              ro code   0x800'2ab4          4    0x78  delay.o [8]
  .text              ro code   0x800'2b2c          4   0x418  eeprom.o [3]
  .text              ro code   0x800'2f44          4   0x3c4  gd32f10x_dma.o [7]
  .text              ro code   0x800'3308          4    0xe4  gd32f10x_misc.o [7]
  .text              ro code   0x800'33ec          4    0xc4  board.o [2]
  .text              ro code   0x800'34b0          2   0x106  dev_flash.o [4]
  .text              ro code   0x800'35b8          4    0x68  memcmp.o [12]
  .text              ro code   0x800'3620          2   0x20a  dev_i2c.o [4]
  .text              ro code   0x800'382c          4   0x662  drv_uart.o [5]
  .text              ro code   0x800'3e90          4   0x44c  drv_flash.o [5]
  .text              ro code   0x800'42dc          4   0x2a8  gd32f10x_usart.o [7]
  .text              ro code   0x800'4584          4   0x30c  gd32f10x_fmc.o [7]
  .rodata            const     0x800'4890          4   0x400  utils_lib.o [8]
  .rodata            const     0x800'4c90          4   0x200  utils_lib.o [8]
  .text              ro code   0x800'4e90          4   0x150  system_gd32f10x.o [6]
  .text              ro code   0x800'4fe0          4   0x128  drv_gpio.o [5]
  .text              ro code   0x800'5108          4    0x20  gd32f10x_exti.o [7]
  .text              ro code   0x800'5128          2    0x38  zero_init3.o [12]
  .rodata            const     0x800'5160          4    0x30  board.o [2]
  .rodata            const     0x800'5190          4    0x28  board.o [2]
  .text              ro code   0x800'51b8          4    0x28  data_init.o [12]
  .text              ro code   0x800'51e0          4    0x22  cmain.o [12]
  .text              ro code   0x800'5202          2     0x4  low_level_init.o [11]
  .text              ro code   0x800'5206          2     0x8  main.o [1]
  .text              ro code   0x800'520e          2     0x4  exit.o [11]
  .text              ro code   0x800'5214          4     0x4  cexit.o [12]
  .text              ro code   0x800'5218          4     0xa  cexit_2.o [12]
  .text              ro code   0x800'5224          4    0x14  exit.o [13]
  .iar.init_table    const     0x800'5238          4    0x24  - Linker created -
  .text              ro code   0x800'525c          4    0x1e  cstartup_M.o [12]
  .rodata            const     0x800'527c          4    0x18  app_main.o [1]
  .rodata            const     0x800'5294          4    0x18  board.o [2]
  .rodata            const     0x800'52ac          4    0x18  drv_flash.o [5]
  .rodata            const     0x800'52c4          4    0x18  drv_i2c.o [5]
  .rodata            const     0x800'52dc          4    0x18  drv_uart.o [5]
  .rodata            const     0x800'52f4          4    0x10  gd32f10x_rcu.o [7]
  .rodata            const     0x800'5304          4    0x10  ota_service.o [10]
  .text              ro code   0x800'5314          4    0x10  startup_gd32f10x_hd.o [9]
  .rodata            const     0x800'5324          4     0x8  app_main.o [1]
  .rodata            const     0x800'532c          4     0x8  app_main.o [1]
  .rodata            const     0x800'5334          4     0x8  board.o [2]
  .rodata            const     0x800'533c          4     0x8  board.o [2]
  .rodata            const     0x800'5344          4     0x8  board.o [2]
  .rodata            const     0x800'534c          4     0x8  gd32f10x_rcu.o [7]
  .rodata            const     0x800'5354          4     0x8  gd32f10x_rcu.o [7]
  .rodata            const     0x800'535c          4     0x8  ota_flash.o [10]
  .rodata            const     0x800'5364          4     0x8  ota_image.o [10]
  .rodata            const     0x800'536c          4     0x8  ota_service.o [10]
  .text              ro code   0x800'5374          2     0x4  startup_gd32f10x_hd.o [9]
  .text              ro code   0x800'5378          2     0x4  startup_gd32f10x_hd.o [9]
  .text              ro code   0x800'537c          2     0x4  startup_gd32f10x_hd.o [9]
  .text              ro code   0x800'5380          2     0x4  startup_gd32f10x_hd.o [9]
  .text              ro code   0x800'5384          2     0x4  startup_gd32f10x_hd.o [9]
  .text              ro code   0x800'5388          2     0x4  startup_gd32f10x_hd.o [9]
  .text              ro code   0x800'538c          2     0x4  startup_gd32f10x_hd.o [9]
  .text              ro code   0x800'5390          2     0x4  startup_gd32f10x_hd.o [9]
  .text              ro code   0x800'5394          2     0x4  startup_gd32f10x_hd.o [9]
  .text              ro code   0x800'5398          2     0x4  startup_gd32f10x_hd.o [9]
  .text              ro code   0x800'539c          2     0x4  startup_gd32f10x_hd.o [9]
  .text              ro code   0x800'53a0          2     0x4  startup_gd32f10x_hd.o [9]
  .text              ro code   0x800'53a4          2     0x4  startup_gd32f10x_hd.o [9]
  .text              ro code   0x800'53a8          2     0x4  startup_gd32f10x_hd.o [9]
  .text              ro code   0x800'53ac          2     0x4  startup_gd32f10x_hd.o [9]
  .text              ro code   0x800'53b0          2     0x4  startup_gd32f10x_hd.o [9]
  .text              ro code   0x800'53b4          2     0x4  startup_gd32f10x_hd.o [9]
  .text              ro code   0x800'53b8          2     0x4  startup_gd32f10x_hd.o [9]
  .text              ro code   0x800'53bc          2     0x4  startup_gd32f10x_hd.o [9]
  .text              ro code   0x800'53c0          2     0x4  startup_gd32f10x_hd.o [9]
  .text              ro code   0x800'53c4          2     0x4  startup_gd32f10x_hd.o [9]
  .text              ro code   0x800'53c8          2     0x4  startup_gd32f10x_hd.o [9]
  .text              ro code   0x800'53cc          2     0x4  startup_gd32f10x_hd.o [9]
  .text              ro code   0x800'53d0          2     0x4  startup_gd32f10x_hd.o [9]
  .text              ro code   0x800'53d4          2     0x4  startup_gd32f10x_hd.o [9]
  .text              ro code   0x800'53d8          2     0x4  startup_gd32f10x_hd.o [9]
  .text              ro code   0x800'53dc          2     0x4  startup_gd32f10x_hd.o [9]
  .text              ro code   0x800'53e0          2     0x4  startup_gd32f10x_hd.o [9]
  .text              ro code   0x800'53e4          2     0x4  startup_gd32f10x_hd.o [9]
  .text              ro code   0x800'53e8          2     0x4  startup_gd32f10x_hd.o [9]
  .text              ro code   0x800'53ec          2     0x4  startup_gd32f10x_hd.o [9]
  .text              ro code   0x800'53f0          2     0x4  startup_gd32f10x_hd.o [9]
  .text              ro code   0x800'53f4          2     0x4  startup_gd32f10x_hd.o [9]
  .text              ro code   0x800'53f8          2     0x4  startup_gd32f10x_hd.o [9]
  .text              ro code   0x800'53fc          2     0x4  startup_gd32f10x_hd.o [9]
  .text              ro code   0x800'5400          2     0x4  startup_gd32f10x_hd.o [9]
  .text              ro code   0x800'5404          2     0x4  startup_gd32f10x_hd.o [9]
  .text              ro code   0x800'5408          2     0x4  startup_gd32f10x_hd.o [9]
  .text              ro code   0x800'540c          2     0x4  startup_gd32f10x_hd.o [9]
  .text              ro code   0x800'5410          2     0x4  startup_gd32f10x_hd.o [9]
  .text              ro code   0x800'5414          2     0x4  startup_gd32f10x_hd.o [9]
  .text              ro code   0x800'5418          2     0x4  startup_gd32f10x_hd.o [9]
  .text              ro code   0x800'541c          2     0x4  startup_gd32f10x_hd.o [9]
  .text              ro code   0x800'5420          2     0x4  startup_gd32f10x_hd.o [9]
  .text              ro code   0x800'5424          2     0x4  startup_gd32f10x_hd.o [9]
  .text              ro code   0x800'5428          2     0x4  startup_gd32f10x_hd.o [9]
  .text              ro code   0x800'542c          2     0x4  startup_gd32f10x_hd.o [9]
  .text              ro code   0x800'5430          2     0x4  startup_gd32f10x_hd.o [9]
  .text              ro code   0x800'5434          2     0x4  startup_gd32f10x_hd.o [9]
  .text              ro code   0x800'5438          2     0x4  startup_gd32f10x_hd.o [9]
  .text              ro code   0x800'543c          2     0x4  startup_gd32f10x_hd.o [9]
  .text              ro code   0x800'5440          2     0x4  startup_gd32f10x_hd.o [9]
  .text              ro code   0x800'5444          2     0x4  startup_gd32f10x_hd.o [9]
  Initializer bytes  const     0x800'5448          4     0x4  <for P2-1>
  .rodata            const     0x800'544c                0x0  zero_init3.o [12]
  .rodata            const     0x800'544c                0x0  copy_init3.o [12]
                             - 0x800'544c             0x531c

"P2", part 1 of 3:                                       0x4
  P2-1                        0x2000'0000          4     0x4  <Init block>
    .data            inited   0x2000'0000          4     0x4  system_gd32f10x.o [6]
                            - 0x2000'0004                0x4

"P2", part 2 of 3:                                    0x3e28
  .bss               zero     0x2000'0004          4  0x20d0  dev_uart.o [4]
  .bss               zero     0x2000'20d4          4  0x1150  drv_uart.o [5]
  .bss               zero     0x2000'3224          4   0x600  drv_gpio.o [5]
  .bss               zero     0x2000'3824          4   0x200  ota_service.o [10]
  .bss               zero     0x2000'3a24          4   0x200  ota_service.o [10]
  .bss               zero     0x2000'3c24          4    0x80  device.o [4]
  .bss               zero     0x2000'3ca4          4    0x78  drv_i2c.o [5]
  .bss               zero     0x2000'3d1c          4    0x60  eeprom.o [3]
  .bss               zero     0x2000'3d7c          4    0x40  ota_flash.o [10]
  .bss               zero     0x2000'3dbc          4    0x38  ota_service.o [10]
  .bss               zero     0x2000'3df4          4    0x2c  drv_flash.o [5]
  .bss               zero     0x2000'3e20          4     0x4  ota_service.o [10]
  .bss               zero     0x2000'3e24          2     0x2  ota_service.o [10]
  .bss               zero     0x2000'3e26                0x1  drv_flash.o [5]
  .bss               zero     0x2000'3e27                0x1  drv_gpio.o [5]
  .bss               zero     0x2000'3e28                0x1  drv_i2c.o [5]
  .bss               zero     0x2000'3e29                0x1  drv_uart.o [5]
  .bss               zero     0x2000'3e2a                0x1  eeprom.o [3]
  .bss               zero     0x2000'3e2b                0x1  ota_service.o [10]
                            - 0x2000'3e2c             0x3e28

"P2", part 3 of 3:                                     0x400
  CSTACK                      0x2000'3e30          8   0x400  <Block>
    CSTACK           uninit   0x2000'3e30              0x400  <Block tail>
                            - 0x2000'4230              0x400

Unused ranges:

         From           To    Size
         ----           --    ----
   0x800'544c   0x800'7fff  0x2bb4
  0x2000'3e2c  0x2000'3e2f     0x4
  0x2000'4230  0x2000'bfff  0x7dd0


*******************************************************************************
*** INIT TABLE
***

          Address      Size
          -------      ----
Zero (__iar_zero_init3)
    1 destination range, total size 0x3e28:
          0x2000'0004  0x3e28

Copy (__iar_copy_init3)
    1 source range, total size 0x4:
           0x800'5448     0x4
    1 destination range, total size 0x4:
          0x2000'0000     0x4



*******************************************************************************
*** MODULE SUMMARY
***

    Module                 ro code  ro data  rw data
    ------                 -------  -------  -------
command line/config:
    ------------------------------------------------
    Total:

E:\Code_Workspace\01_GD32_Project\05_GD32F103RCT6\01_Servo_Control_JW_V2.0_OTA\boot\project\iar\Debug\Obj\Application_4454359601498626787.dir: [1]
    app_main.o                 584       40
    main.o                       8
    ------------------------------------------------
    Total:                     592       40

E:\Code_Workspace\01_GD32_Project\05_GD32F103RCT6\01_Servo_Control_JW_V2.0_OTA\boot\project\iar\Debug\Obj\BSP_15524770269462287228.dir: [2]
    board.o                    196      136
    ------------------------------------------------
    Total:                     196      136

E:\Code_Workspace\01_GD32_Project\05_GD32F103RCT6\01_Servo_Control_JW_V2.0_OTA\boot\project\iar\Debug\Obj\Components_9784877210825960795.dir: [3]
    eeprom.o                 1'048                97
    ------------------------------------------------
    Total:                   1'048                97

E:\Code_Workspace\01_GD32_Project\05_GD32F103RCT6\01_Servo_Control_JW_V2.0_OTA\boot\project\iar\Debug\Obj\Device_13867102261166347011.dir: [4]
    dev_flash.o                262
    dev_i2c.o                  522
    dev_uart.o               1'002             8'400
    device.o                   452               128
    ------------------------------------------------
    Total:                   2'238             8'528

E:\Code_Workspace\01_GD32_Project\05_GD32F103RCT6\01_Servo_Control_JW_V2.0_OTA\boot\project\iar\Debug\Obj\Drivers_14040216300654056098.dir: [5]
    drv_flash.o              1'100       24       45
    drv_gpio.o                 296             1'537
    drv_i2c.o                2'512       24      121
    drv_uart.o               1'634       24    4'433
    ------------------------------------------------
    Total:                   5'542       72    6'136

E:\Code_Workspace\01_GD32_Project\05_GD32F103RCT6\01_Servo_Control_JW_V2.0_OTA\boot\project\iar\Debug\Obj\GD32_Device_17593986840209447769.dir: [6]
    gd32f10x_it.o               14
    system_gd32f10x.o          336        4        4
    ------------------------------------------------
    Total:                     350        4        4

E:\Code_Workspace\01_GD32_Project\05_GD32F103RCT6\01_Servo_Control_JW_V2.0_OTA\boot\project\iar\Debug\Obj\GD32_StdPeriph_7574966078678928165.dir: [7]
    gd32f10x_dma.o             964
    gd32f10x_exti.o             32
    gd32f10x_fmc.o             780
    gd32f10x_gpio.o            272
    gd32f10x_i2c.o             620
    gd32f10x_misc.o            228
    gd32f10x_rcu.o             436       32
    gd32f10x_usart.o           680
    ------------------------------------------------
    Total:                   4'012       32

E:\Code_Workspace\01_GD32_Project\05_GD32F103RCT6\01_Servo_Control_JW_V2.0_OTA\boot\project\iar\Debug\Obj\Middleware_7092250950176845902.dir: [8]
    delay.o                    120
    utils_lib.o                224    1'536
    ------------------------------------------------
    Total:                     344    1'536

E:\Code_Workspace\01_GD32_Project\05_GD32F103RCT6\01_Servo_Control_JW_V2.0_OTA\boot\project\iar\Debug\Obj\Startup_17868067532763321386.dir: [9]
    startup_gd32f10x_hd.o      532
    ------------------------------------------------
    Total:                     532

E:\Code_Workspace\01_GD32_Project\05_GD32F103RCT6\01_Servo_Control_JW_V2.0_OTA\boot\project\iar\Debug\Obj\ota_servoces_13819360324431624716.dir: [10]
    ota_flash.o                692        8       64
    ota_image.o                468        8
    ota_protocol.o             564
    ota_service.o            2'456       24    1'087
    ------------------------------------------------
    Total:                   4'180       40    1'151

dl7M_tln.a: [11]
    exit.o                       4
    low_level_init.o             4
    ------------------------------------------------
    Total:                       8

rt7M_tl.a: [12]
    ABImemcpy.o                166
    ABImemset.o                102
    cexit.o                      4
    cexit_2.o                   10
    cmain.o                     34
    copy_init3.o                42
    cstartup_M.o                30
    data_init.o                 40
    memcmp.o                   104
    strcmp.o                    18
    zero_init3.o                56
    ------------------------------------------------
    Total:                     606

shb_l.a: [13]
    exit.o                      20
    ------------------------------------------------
    Total:                      20

    Gaps                        14        2
    Linker created                       36    1'024
----------------------------------------------------
    Grand Total:            19'682    1'898   16'940


*******************************************************************************
*** ENTRY LIST
***

Entry                       Address    Size  Type      Object
-----                       -------    ----  ----      ------
.iar.init_table$$Base    0x800'5238           --   Gb  - Linker created -
.iar.init_table$$Limit   0x800'525c           --   Gb  - Linker created -
?main                    0x800'51e1          Code  Gb  cmain.o [12]
ADC0_1_IRQHandler        0x800'53b1          Code  Wk  startup_gd32f10x_hd.o [9]
ADC2_IRQHandler          0x800'541d          Code  Wk  startup_gd32f10x_hd.o [9]
BusFault_Handler         0x800'1331     0x2  Code  Gb  gd32f10x_it.o [6]
CAN0_EWMC_IRQHandler     0x800'53c1          Code  Wk  startup_gd32f10x_hd.o [9]
CAN0_RX1_IRQHandler      0x800'53bd          Code  Wk  startup_gd32f10x_hd.o [9]
CSTACK$$Base            0x2000'3e30           --   Gb  - Linker created -
CSTACK$$Limit           0x2000'4230           --   Gb  - Linker created -
DMA0_Channel0_IRQHandler
                         0x800'5395          Code  Wk  startup_gd32f10x_hd.o [9]
DMA0_Channel1_IRQHandler
                         0x800'5399          Code  Wk  startup_gd32f10x_hd.o [9]
DMA0_Channel2_IRQHandler
                         0x800'539d          Code  Wk  startup_gd32f10x_hd.o [9]
DMA0_Channel3_IRQHandler
                         0x800'53a1          Code  Wk  startup_gd32f10x_hd.o [9]
DMA0_Channel4_IRQHandler
                         0x800'53a5          Code  Wk  startup_gd32f10x_hd.o [9]
DMA0_Channel5_IRQHandler
                         0x800'53a9          Code  Wk  startup_gd32f10x_hd.o [9]
DMA0_Channel6_IRQHandler
                         0x800'53ad          Code  Wk  startup_gd32f10x_hd.o [9]
DMA1_Channel0_IRQHandler
                         0x800'543d          Code  Wk  startup_gd32f10x_hd.o [9]
DMA1_Channel1_IRQHandler
                         0x800'5441          Code  Wk  startup_gd32f10x_hd.o [9]
DMA1_Channel2_IRQHandler
                         0x800'5445          Code  Wk  startup_gd32f10x_hd.o [9]
DMA1_Channel3_4_IRQHandler
                         0x800'3e85     0xa  Code  Gb  drv_uart.o [5]
DebugMon_Handler         0x800'1335     0x2  Code  Gb  gd32f10x_it.o [6]
EXMC_IRQHandler          0x800'5421          Code  Wk  startup_gd32f10x_hd.o [9]
EXTI0_IRQHandler         0x800'507d     0xa  Code  Gb  drv_gpio.o [5]
EXTI10_15_IRQHandler     0x800'50d5    0x34  Code  Gb  drv_gpio.o [5]
EXTI1_IRQHandler         0x800'5087     0xa  Code  Gb  drv_gpio.o [5]
EXTI2_IRQHandler         0x800'5091     0xa  Code  Gb  drv_gpio.o [5]
EXTI3_IRQHandler         0x800'509b     0xa  Code  Gb  drv_gpio.o [5]
EXTI4_IRQHandler         0x800'50a5     0xa  Code  Gb  drv_gpio.o [5]
EXTI5_9_IRQHandler       0x800'50af    0x26  Code  Gb  drv_gpio.o [5]
FMC_IRQHandler           0x800'538d          Code  Wk  startup_gd32f10x_hd.o [9]
HardFault_Handler        0x800'132d     0x2  Code  Gb  gd32f10x_it.o [6]
I2C0_ER_IRQHandler       0x800'53e5          Code  Wk  startup_gd32f10x_hd.o [9]
I2C0_EV_IRQHandler       0x800'53e1          Code  Wk  startup_gd32f10x_hd.o [9]
I2C1_ER_IRQHandler       0x800'53ed          Code  Wk  startup_gd32f10x_hd.o [9]
I2C1_EV_IRQHandler       0x800'53e9          Code  Wk  startup_gd32f10x_hd.o [9]
LVD_IRQHandler           0x800'5381          Code  Wk  startup_gd32f10x_hd.o [9]
MemManage_Handler        0x800'132f     0x2  Code  Gb  gd32f10x_it.o [6]
NMI_Handler              0x800'132b     0x2  Code  Gb  gd32f10x_it.o [6]
PendSV_Handler           0x800'5379          Code  Wk  startup_gd32f10x_hd.o [9]
RCU_IRQHandler           0x800'5391          Code  Wk  startup_gd32f10x_hd.o [9]
RTC_Alarm_IRQHandler     0x800'5405          Code  Wk  startup_gd32f10x_hd.o [9]
RTC_IRQHandler           0x800'5389          Code  Wk  startup_gd32f10x_hd.o [9]
Region$$Table$$Base      0x800'5238           --   Gb  - Linker created -
Region$$Table$$Limit     0x800'525c           --   Gb  - Linker created -
Reset_Handler            0x800'5315          Code  Wk  startup_gd32f10x_hd.o [9]
SDIO_IRQHandler          0x800'5425          Code  Wk  startup_gd32f10x_hd.o [9]
SPI0_IRQHandler          0x800'53f1          Code  Wk  startup_gd32f10x_hd.o [9]
SPI1_IRQHandler          0x800'53f5          Code  Wk  startup_gd32f10x_hd.o [9]
SPI2_IRQHandler          0x800'542d          Code  Wk  startup_gd32f10x_hd.o [9]
SVC_Handler              0x800'5375          Code  Wk  startup_gd32f10x_hd.o [9]
SysTick_Handler          0x800'1337     0x2  Code  Gb  gd32f10x_it.o [6]
SystemCoreClock         0x2000'0000     0x4  Data  Gb  system_gd32f10x.o [6]
SystemInit               0x800'4e99    0x9a  Code  Gb  system_gd32f10x.o [6]
TAMPER_IRQHandler        0x800'5385          Code  Wk  startup_gd32f10x_hd.o [9]
TIMER0_BRK_IRQHandler    0x800'53c5          Code  Wk  startup_gd32f10x_hd.o [9]
TIMER0_Channel_IRQHandler
                         0x800'53d1          Code  Wk  startup_gd32f10x_hd.o [9]
TIMER0_TRG_CMT_IRQHandler
                         0x800'53cd          Code  Wk  startup_gd32f10x_hd.o [9]
TIMER0_UP_IRQHandler     0x800'53c9          Code  Wk  startup_gd32f10x_hd.o [9]
TIMER1_IRQHandler        0x800'53d5          Code  Wk  startup_gd32f10x_hd.o [9]
TIMER2_IRQHandler        0x800'53d9          Code  Wk  startup_gd32f10x_hd.o [9]
TIMER3_IRQHandler        0x800'53dd          Code  Wk  startup_gd32f10x_hd.o [9]
TIMER4_IRQHandler        0x800'5429          Code  Wk  startup_gd32f10x_hd.o [9]
TIMER5_IRQHandler        0x800'5435          Code  Wk  startup_gd32f10x_hd.o [9]
TIMER6_IRQHandler        0x800'5439          Code  Wk  startup_gd32f10x_hd.o [9]
TIMER7_BRK_IRQHandler    0x800'540d          Code  Wk  startup_gd32f10x_hd.o [9]
TIMER7_Channel_IRQHandler
                         0x800'5419          Code  Wk  startup_gd32f10x_hd.o [9]
TIMER7_TRG_CMT_IRQHandler
                         0x800'5415          Code  Wk  startup_gd32f10x_hd.o [9]
TIMER7_UP_IRQHandler     0x800'5411          Code  Wk  startup_gd32f10x_hd.o [9]
UART3_IRQHandler         0x800'3e67     0xa  Code  Gb  drv_uart.o [5]
UART4_IRQHandler         0x800'5431          Code  Wk  startup_gd32f10x_hd.o [9]
USART0_IRQHandler        0x800'53f9          Code  Wk  startup_gd32f10x_hd.o [9]
USART1_IRQHandler        0x800'53fd          Code  Wk  startup_gd32f10x_hd.o [9]
USART2_IRQHandler        0x800'5401          Code  Wk  startup_gd32f10x_hd.o [9]
USBD_HP_CAN0_TX_IRQHandler
                         0x800'53b5          Code  Wk  startup_gd32f10x_hd.o [9]
USBD_LP_CAN0_RX0_IRQHandler
                         0x800'53b9          Code  Wk  startup_gd32f10x_hd.o [9]
USBD_WKUP_IRQHandler     0x800'5409          Code  Wk  startup_gd32f10x_hd.o [9]
UsageFault_Handler       0x800'1333     0x2  Code  Gb  gd32f10x_it.o [6]
WWDGT_IRQHandler         0x800'537d          Code  Wk  startup_gd32f10x_hd.o [9]
__aeabi_memcpy           0x800'1285          Code  Gb  ABImemcpy.o [12]
__aeabi_memcpy4          0x800'12a5          Code  Gb  ABImemcpy.o [12]
__aeabi_memcpy8          0x800'12a5          Code  Gb  ABImemcpy.o [12]
__aeabi_memset           0x800'11f5          Code  Gb  ABImemset.o [12]
__cmain                  0x800'51e1          Code  Gb  cmain.o [12]
__exit                   0x800'5225    0x14  Code  Gb  exit.o [13]
__iar_Memset             0x800'11f5          Code  Gb  ABImemset.o [12]
__iar_Memset_word        0x800'11fd          Code  Gb  ABImemset.o [12]
__iar_copy_init3         0x800'125b    0x2a  Code  Gb  copy_init3.o [12]
__iar_data_init3         0x800'51b9    0x28  Code  Gb  data_init.o [12]
__iar_program_start      0x800'525d          Code  Gb  cstartup_M.o [12]
__iar_zero_init3         0x800'5129    0x38  Code  Gb  zero_init3.o [12]
__low_level_init         0x800'5203     0x4  Code  Gb  low_level_init.o [11]
__vector_table           0x800'0000          Data  Gb  startup_gd32f10x_hd.o [9]
_call_main               0x800'51ed          Code  Gb  cmain.o [12]
_exit                    0x800'5215          Code  Gb  cexit.o [12]
_exit_2                  0x800'5219          Code  Gb  cexit_2.o [12]
board_flash_register     0x800'3429    0x1e  Code  Lc  board.o [2]
board_i2c_register       0x800'340b    0x1e  Code  Lc  board.o [2]
board_init               0x800'3491    0x20  Code  Gb  board.o [2]
board_systick_init       0x800'3447    0x2c  Code  Lc  board.o [2]
board_uart_register      0x800'33ed    0x1e  Code  Lc  board.o [2]
boot_addr_in_range       0x800'1ebd    0x14  Code  Lc  app_main.o [1]
boot_app_is_valid        0x800'1ed1    0x50  Code  Gb  app_main.o [1]
boot_disable_dma         0x800'1f21    0x1c  Code  Lc  app_main.o [1]
boot_jump_to_app         0x800'1f87    0x38  Code  Gb  app_main.o [1]
boot_main                0x800'2085    0x4c  Code  Gb  app_main.o [1]
boot_need_ota_mode       0x800'1fef    0x96  Code  Lc  app_main.o [1]
boot_prepare_for_app_jump
                         0x800'1f3d    0x4a  Code  Lc  app_main.o [1]
boot_read_word           0x800'1eb9     0x4  Code  Lc  app_main.o [1]
boot_record_app_failure
                         0x800'1fbf    0x30  Code  Lc  app_main.o [1]
crc16_tab                0x800'4c90   0x200  Data  Gb  utils_lib.o [8]
crc32_tab                0x800'4890   0x400  Data  Lc  utils_lib.o [8]
delay_init               0x800'2ab5    0x2c  Code  Gb  delay.o [8]
delay_ms                 0x800'2b15    0x18  Code  Gb  delay.o [8]
delay_us                 0x800'2ae1    0x22  Code  Gb  delay.o [8]
dev_flash_erase          0x800'34b1    0x3e  Code  Gb  dev_flash.o [4]
dev_flash_get_info       0x800'357f    0x38  Code  Gb  dev_flash.o [4]
dev_flash_read           0x800'34ef    0x48  Code  Gb  dev_flash.o [4]
dev_flash_write          0x800'3537    0x48  Code  Gb  dev_flash.o [4]
dev_i2c_find             0x800'3621    0x26  Code  Lc  dev_i2c.o [4]
dev_i2c_mem_read         0x800'3787    0x64  Code  Gb  dev_i2c.o [4]
dev_i2c_mem_write        0x800'3723    0x64  Code  Gb  dev_i2c.o [4]
dev_i2c_probe            0x800'37eb    0x40  Code  Gb  dev_i2c.o [4]
dev_i2c_reg_width_is_valid
                         0x800'3647    0x20  Code  Lc  dev_i2c.o [4]
dev_i2c_transfer         0x800'3667    0xbc  Code  Gb  dev_i2c.o [4]
dev_uart_alloc_runtime   0x800'2483    0x56  Code  Lc  dev_uart.o [4]
dev_uart_enter_critical
                         0x800'2415     0x8  Code  Lc  dev_uart.o [4]
dev_uart_exit_critical   0x800'241d     0x6  Code  Lc  dev_uart.o [4]
dev_uart_find            0x800'2423    0x2c  Code  Lc  dev_uart.o [4]
dev_uart_find_runtime    0x800'244f    0x34  Code  Lc  dev_uart.o [4]
dev_uart_flush_rx        0x800'27bf    0x40  Code  Gb  dev_uart.o [4]
dev_uart_pop_rx_frame    0x800'2661    0x76  Code  Lc  dev_uart.o [4]
dev_uart_prepare         0x800'25c1    0x92  Code  Lc  dev_uart.o [4]
dev_uart_read            0x800'26d7    0x3e  Code  Gb  dev_uart.o [4]
dev_uart_reset_rx_queue
                         0x800'24d9    0x22  Code  Lc  dev_uart.o [4]
dev_uart_rx_isr_cb       0x800'24fb    0x9c  Code  Lc  dev_uart.o [4]
dev_uart_tx_done_isr_cb
                         0x800'2597    0x2a  Code  Lc  dev_uart.o [4]
dev_uart_write           0x800'2715    0xaa  Code  Gb  dev_uart.o [4]
device_control           0x800'11bb    0x34  Code  Gb  device.o [4]
device_find              0x800'109f    0x40  Code  Gb  device.o [4]
device_init              0x800'10df    0x3e  Code  Gb  device.o [4]
device_open              0x800'111d    0x62  Code  Gb  device.o [4]
device_register          0x800'1031    0x6e  Code  Gb  device.o [4]
device_write             0x800'117f    0x3c  Code  Gb  device.o [4]
dma_channel_disable      0x800'3161    0x36  Code  Gb  gd32f10x_dma.o [7]
dma_channel_enable       0x800'312b    0x36  Code  Gb  gd32f10x_dma.o [7]
dma_circulation_disable
                         0x800'30f5    0x36  Code  Gb  gd32f10x_dma.o [7]
dma_deinit               0x800'2f45    0x80  Code  Gb  gd32f10x_dma.o [7]
dma_init                 0x800'2fc5   0x130  Code  Gb  gd32f10x_dma.o [7]
dma_interrupt_enable     0x800'32b1    0x36  Code  Gb  gd32f10x_dma.o [7]
dma_interrupt_flag_clear
                         0x800'3299    0x18  Code  Gb  gd32f10x_dma.o [7]
dma_interrupt_flag_get   0x800'320d    0x8c  Code  Gb  gd32f10x_dma.o [7]
dma_memory_address_config
                         0x800'3197    0x28  Code  Gb  gd32f10x_dma.o [7]
dma_periph_and_channel_check
                         0x800'32e7    0x1a  Code  Lc  gd32f10x_dma.o [7]
dma_transfer_number_config
                         0x800'31bf    0x2a  Code  Gb  gd32f10x_dma.o [7]
dma_transfer_number_get
                         0x800'31e9    0x24  Code  Gb  gd32f10x_dma.o [7]
eeprom_block_size        0x800'2c03    0x1c  Code  Lc  eeprom.o [3]
eeprom_find              0x800'2b2d    0x48  Code  Lc  eeprom.o [3]
eeprom_limit_to_block    0x800'2c65    0x32  Code  Lc  eeprom.o [3]
eeprom_limit_to_page     0x800'2c97    0x20  Code  Lc  eeprom.o [3]
eeprom_min_u32           0x800'2bfb     0x8  Code  Lc  eeprom.o [3]
eeprom_poll_delay        0x800'2cd9     0xa  Code  Lc  eeprom.o [3]
eeprom_profile_apply     0x800'2b75    0x86  Code  Lc  eeprom.o [3]
eeprom_read              0x800'2dc9    0xac  Code  Gb  eeprom.o [3]
eeprom_register          0x800'2d25    0x9c  Code  Gb  eeprom.o [3]
eeprom_slave_addr_for_offset
                         0x800'2c1f    0x30  Code  Lc  eeprom.o [3]
eeprom_validate_range    0x800'2cb7    0x22  Code  Lc  eeprom.o [3]
eeprom_wait_ready        0x800'2ce3    0x42  Code  Lc  eeprom.o [3]
eeprom_word_addr_for_offset
                         0x800'2c4f    0x16  Code  Lc  eeprom.o [3]
eeprom_write             0x800'2e75    0xd0  Code  Gb  eeprom.o [3]
exit                     0x800'520f     0x4  Code  Gb  exit.o [11]
exti_interrupt_flag_clear
                         0x800'511b     0x6  Code  Gb  gd32f10x_exti.o [7]
exti_interrupt_flag_get
                         0x800'5109    0x12  Code  Gb  gd32f10x_exti.o [7]
fmc_bank0_ready_wait     0x800'4839    0x2c  Code  Gb  gd32f10x_fmc.o [7]
fmc_bank0_state_get      0x800'47b1    0x2a  Code  Gb  gd32f10x_fmc.o [7]
fmc_bank1_ready_wait     0x800'4865    0x2c  Code  Gb  gd32f10x_fmc.o [7]
fmc_bank1_state_get      0x800'47db    0x2a  Code  Gb  gd32f10x_fmc.o [7]
fmc_halfword_program     0x800'46f1    0xc0  Code  Gb  gd32f10x_fmc.o [7]
fmc_lock                 0x800'45cb    0x2a  Code  Gb  gd32f10x_fmc.o [7]
fmc_page_erase           0x800'45f5    0xfc  Code  Gb  gd32f10x_fmc.o [7]
fmc_unlock               0x800'4585    0x46  Code  Gb  gd32f10x_fmc.o [7]
gd32_flash_control       0x800'4143    0xa8  Code  Lc  drv_flash.o [5]
gd32_flash_erase_pages   0x800'3fcd    0x9a  Code  Lc  drv_flash.o [5]
gd32_flash_get_erase_size
                         0x800'3ecd    0x58  Code  Lc  drv_flash.o [5]
gd32_flash_get_info      0x800'4113    0x30  Code  Lc  drv_flash.o [5]
gd32_flash_init          0x800'3f4f    0x16  Code  Lc  drv_flash.o [5]
gd32_flash_range_is_valid
                         0x800'3e91    0x3c  Code  Lc  drv_flash.o [5]
gd32_flash_read_data     0x800'3f65    0x46  Code  Lc  drv_flash.o [5]
gd32_flash_register      0x800'41eb    0xe4  Code  Gb  drv_flash.o [5]
gd32_flash_state_to_ret
                         0x800'3f25    0x2a  Code  Lc  drv_flash.o [5]
gd32_flash_verify_erased
                         0x800'3fab    0x22  Code  Lc  drv_flash.o [5]
gd32_flash_write_data    0x800'4067    0xac  Code  Lc  drv_flash.o [5]
gd32_gpio_irq_dispatch   0x800'4fe1    0x94  Code  Lc  drv_gpio.o [5]
gd32_i2c_addr_byte       0x800'019d     0xa  Code  Lc  drv_i2c.o [5]
gd32_i2c_apply_config    0x800'06e9    0x74  Code  Lc  drv_i2c.o [5]
gd32_i2c_bus_recover     0x800'0875    0xc8  Code  Lc  drv_i2c.o [5]
gd32_i2c_clear_and_check_error
                         0x800'01a7    0x9e  Code  Lc  drv_i2c.o [5]
gd32_i2c_control         0x800'093d    0xf6  Code  Lc  drv_i2c.o [5]
gd32_i2c_init            0x800'075d    0x52  Code  Lc  drv_i2c.o [5]
gd32_i2c_message_transfer
                         0x800'0649    0xa0  Code  Lc  drv_i2c.o [5]
gd32_i2c_probe           0x800'07af    0x2e  Code  Lc  drv_i2c.o [5]
gd32_i2c_read_raw        0x800'04dd   0x142  Code  Lc  drv_i2c.o [5]
gd32_i2c_reg_to_buf      0x800'061f    0x2a  Code  Lc  drv_i2c.o [5]
gd32_i2c_register        0x800'0a33    0xba  Code  Gb  drv_i2c.o [5]
gd32_i2c_scan            0x800'07dd    0x98  Code  Lc  drv_i2c.o [5]
gd32_i2c_short_delay     0x800'0183    0x1a  Code  Lc  drv_i2c.o [5]
gd32_i2c_start_write     0x800'037b    0x90  Code  Lc  drv_i2c.o [5]
gd32_i2c_timeout_budget
                         0x800'0131    0x2e  Code  Lc  drv_i2c.o [5]
gd32_i2c_wait_addr       0x800'02bd    0x4a  Code  Lc  drv_i2c.o [5]
gd32_i2c_wait_flag       0x800'0245    0x50  Code  Lc  drv_i2c.o [5]
gd32_i2c_wait_idle       0x800'0307    0x16  Code  Lc  drv_i2c.o [5]
gd32_i2c_wait_next       0x800'015f    0x24  Code  Lc  drv_i2c.o [5]
gd32_i2c_wait_stop_done
                         0x800'0295    0x28  Code  Lc  drv_i2c.o [5]
gd32_i2c_write_bytes     0x800'031d    0x5e  Code  Lc  drv_i2c.o [5]
gd32_i2c_write_raw       0x800'040b    0xd2  Code  Lc  drv_i2c.o [5]
gd32_uart_apply_config   0x800'38f9    0x92  Code  Lc  drv_uart.o [5]
gd32_uart_close          0x800'3af9    0x42  Code  Lc  drv_uart.o [5]
gd32_uart_config_is_valid
                         0x800'382d    0x26  Code  Lc  drv_uart.o [5]
gd32_uart_control        0x800'3bd5    0xae  Code  Lc  drv_uart.o [5]
gd32_uart_data_reg_addr
                         0x800'3853     0x4  Code  Lc  drv_uart.o [5]
gd32_uart_dma_init       0x800'398b    0xba  Code  Lc  drv_uart.o [5]
gd32_uart_dma_tx_irq_dispatch
                         0x800'3ded    0x7a  Code  Lc  drv_uart.o [5]
gd32_uart_find_slot_by_periph
                         0x800'3857    0x3e  Code  Lc  drv_uart.o [5]
gd32_uart_init           0x800'3a45    0x82  Code  Lc  drv_uart.o [5]
gd32_uart_irq_dispatch   0x800'3d7d    0x70  Code  Lc  drv_uart.o [5]
gd32_uart_open           0x800'3ac7    0x32  Code  Lc  drv_uart.o [5]
gd32_uart_parity_to_hw   0x800'38b5    0x22  Code  Lc  drv_uart.o [5]
gd32_uart_register       0x800'3c83    0xfa  Code  Gb  drv_uart.o [5]
gd32_uart_rx_dma_restart
                         0x800'38d7    0x22  Code  Lc  drv_uart.o [5]
gd32_uart_stop_bits_to_hw
                         0x800'38a5    0x10  Code  Lc  drv_uart.o [5]
gd32_uart_word_len_to_hw
                         0x800'3895    0x10  Code  Lc  drv_uart.o [5]
gd32_uart_write          0x800'3b3b    0x9a  Code  Lc  drv_uart.o [5]
gpio_bit_write           0x800'1005    0x18  Code  Gb  gd32f10x_gpio.o [7]
gpio_init                0x800'0f21    0xe4  Code  Gb  gd32f10x_gpio.o [7]
gpio_input_bit_get       0x800'101d    0x14  Code  Gb  gd32f10x_gpio.o [7]
i2c_ack_config           0x800'0c87     0xe  Code  Gb  gd32f10x_i2c.o [7]
i2c_ackpos_config        0x800'0c95     0xe  Code  Gb  gd32f10x_i2c.o [7]
i2c_clock_config         0x800'0b3f   0x128  Code  Gb  gd32f10x_i2c.o [7]
i2c_data_receive         0x800'0cef     0x8  Code  Gb  gd32f10x_i2c.o [7]
i2c_data_transmit        0x800'0ce3     0xc  Code  Gb  gd32f10x_i2c.o [7]
i2c_deinit               0x800'0b01    0x3e  Code  Gb  gd32f10x_i2c.o [7]
i2c_disable              0x800'0cc5     0xa  Code  Gb  gd32f10x_i2c.o [7]
i2c_enable               0x800'0cbb     0xa  Code  Gb  gd32f10x_i2c.o [7]
i2c_flag_clear           0x800'0d17    0x42  Code  Gb  gd32f10x_i2c.o [7]
i2c_flag_get             0x800'0cf7    0x20  Code  Gb  gd32f10x_i2c.o [7]
i2c_master_addressing    0x800'0ca3    0x18  Code  Gb  gd32f10x_i2c.o [7]
i2c_mode_addr_config     0x800'0c67    0x20  Code  Gb  gd32f10x_i2c.o [7]
i2c_start_on_bus         0x800'0ccf     0xa  Code  Gb  gd32f10x_i2c.o [7]
i2c_stop_on_bus          0x800'0cd9     0xa  Code  Gb  gd32f10x_i2c.o [7]
main                     0x800'5207     0x8  Code  Gb  main.o [1]
memcmp                   0x800'35b9          Code  Gb  memcmp.o [12]
nvic_irq_enable          0x800'3313    0xb2  Code  Gb  gd32f10x_misc.o [7]
nvic_priority_group_set
                         0x800'3309     0xa  Code  Gb  gd32f10x_misc.o [7]
nvic_vector_table_set    0x800'33c5    0x10  Code  Gb  gd32f10x_misc.o [7]
ota_eeprom_calc_struct_crc
                         0x800'1ea9    0x10  Code  Gb  ota_image.o [10]
ota_eeprom_init_default
                         0x800'1e69    0x36  Code  Gb  ota_image.o [10]
ota_eeprom_load          0x800'1d2b    0x84  Code  Gb  ota_image.o [10]
ota_eeprom_read_copy     0x800'1ce5    0x46  Code  Lc  ota_image.o [10]
ota_eeprom_save          0x800'1daf    0xba  Code  Gb  ota_image.o [10]
ota_flash_calculate_crc32
                         0x800'29f1    0x14  Code  Gb  ota_flash.o [10]
ota_flash_calculate_crc32_with_progress
                         0x800'2a05    0xa0  Code  Gb  ota_flash.o [10]
ota_flash_crc32_update   0x800'2801    0x34  Code  Lc  ota_flash.o [10]
ota_flash_program        0x800'2857    0x56  Code  Lc  ota_flash.o [10]
ota_flash_range_is_valid
                         0x800'2835    0x22  Code  Lc  ota_flash.o [10]
ota_flash_verify         0x800'28ad    0x54  Code  Lc  ota_flash.o [10]
ota_flash_write_chunk    0x800'2901    0xf0  Code  Gb  ota_flash.o [10]
ota_protocol_build_frame
                         0x800'232d    0xe8  Code  Gb  ota_protocol.o [10]
ota_protocol_calc_fcrc   0x800'21ef    0x14  Code  Lc  ota_protocol.o [10]
ota_protocol_calc_hcrc   0x800'21e1     0xe  Code  Lc  ota_protocol.o [10]
ota_protocol_parse_frame
                         0x800'22df    0x4e  Code  Gb  ota_protocol.o [10]
ota_protocol_parse_header
                         0x800'2203    0xdc  Code  Gb  ota_protocol.o [10]
ota_service_build_data_payload
                         0x800'14e1    0x28  Code  Lc  ota_service.o [10]
ota_service_build_end_payload
                         0x800'1509    0x26  Code  Lc  ota_service.o [10]
ota_service_build_get_info_payload
                         0x800'13af    0x9c  Code  Lc  ota_service.o [10]
ota_service_build_get_info_payload::device_sn
                         0x800'5304    0x10  Data  Lc  ota_service.o [10]
ota_service_build_get_status_payload
                         0x800'144b    0x54  Code  Lc  ota_service.o [10]
ota_service_build_ping_payload
                         0x800'1381    0x2e  Code  Lc  ota_service.o [10]
ota_service_build_start_payload
                         0x800'149f    0x42  Code  Lc  ota_service.o [10]
ota_service_flash_result_to_status
                         0x800'167b    0x2a  Code  Lc  ota_service.o [10]
ota_service_handle_data
                         0x800'1847   0x196  Code  Lc  ota_service.o [10]
ota_service_handle_end   0x800'19dd   0x186  Code  Lc  ota_service.o [10]
ota_service_handle_request
                         0x800'1b63    0xbe  Code  Lc  ota_service.o [10]
ota_service_handle_start
                         0x800'16a5   0x1a2  Code  Lc  ota_service.o [10]
ota_service_load_runtime_info
                         0x800'134d    0x34  Code  Lc  ota_service.o [10]
ota_service_negotiate_chunk_size
                         0x800'15b5    0x28  Code  Lc  ota_service.o [10]
ota_service_record_failure
                         0x800'1617    0x1c  Code  Lc  ota_service.o [10]
ota_service_record_recoverable_error
                         0x800'1633    0x12  Code  Lc  ota_service.o [10]
ota_service_run          0x800'1c21    0x98  Code  Gb  ota_service.o [10]
ota_service_save_page_checkpoint
                         0x800'1645    0x36  Code  Lc  ota_service.o [10]
ota_service_send_crc_debug_event
                         0x800'1599     0x2  Code  Lc  ota_service.o [10]
ota_service_send_response
                         0x800'152f    0x6a  Code  Lc  ota_service.o [10]
ota_service_send_status_response
                         0x800'159b    0x1a  Code  Lc  ota_service.o [10]
ota_service_start_is_resume
                         0x800'15dd    0x3a  Code  Lc  ota_service.o [10]
rcu_clock_freq_get       0x800'0de5   0x11c  Code  Gb  gd32f10x_rcu.o [7]
rcu_periph_clock_enable
                         0x800'0d6d    0x28  Code  Gb  gd32f10x_rcu.o [7]
rcu_periph_reset_disable
                         0x800'0dbd    0x28  Code  Gb  gd32f10x_rcu.o [7]
rcu_periph_reset_enable
                         0x800'0d95    0x28  Code  Gb  gd32f10x_rcu.o [7]
s_board_flash            0x800'5294    0x18  Data  Lc  board.o [2]
s_board_i2c              0x800'5190    0x28  Data  Lc  board.o [2]
s_board_uart             0x800'5160    0x30  Data  Lc  board.o [2]
s_boot_eeprom_cfg        0x800'527c    0x18  Data  Lc  app_main.o [1]
s_device_table          0x2000'3c24    0x80  Data  Lc  device.o [4]
s_eeprom_count          0x2000'3e2a     0x1  Data  Lc  eeprom.o [3]
s_eeprom_devices        0x2000'3d1c    0x60  Data  Lc  eeprom.o [3]
s_flash_count           0x2000'3e26     0x1  Data  Lc  drv_flash.o [5]
s_flash_slots           0x2000'3df4    0x2c  Data  Lc  drv_flash.o [5]
s_gd32_flash_ops         0x800'52ac    0x18  Data  Lc  drv_flash.o [5]
s_gd32_i2c_ops           0x800'52c4    0x18  Data  Lc  drv_i2c.o [5]
s_gd32_uart_ops          0x800'52dc    0x18  Data  Lc  drv_uart.o [5]
s_gpio_count            0x2000'3e27     0x1  Data  Lc  drv_gpio.o [5]
s_gpio_slots            0x2000'3224   0x600  Data  Lc  drv_gpio.o [5]
s_i2c_count             0x2000'3e28     0x1  Data  Lc  drv_i2c.o [5]
s_i2c_slots             0x2000'3ca4    0x78  Data  Lc  drv_i2c.o [5]
s_ota_chunk_size        0x2000'3e20     0x4  Data  Lc  ota_service.o [10]
s_ota_flash_verify_buf  0x2000'3d7c    0x40  Data  Lc  ota_flash.o [10]
s_ota_payload_buf       0x2000'3dbc    0x38  Data  Lc  ota_service.o [10]
s_ota_rx_buf            0x2000'3824   0x200  Data  Lc  ota_service.o [10]
s_ota_transfer_active   0x2000'3e2b     0x1  Data  Lc  ota_service.o [10]
s_ota_tx_buf            0x2000'3a24   0x200  Data  Lc  ota_service.o [10]
s_ota_tx_seq            0x2000'3e24     0x2  Data  Lc  ota_service.o [10]
s_uart_count            0x2000'3e29     0x1  Data  Lc  drv_uart.o [5]
s_uart_runtime          0x2000'0004  0x20d0  Data  Lc  dev_uart.o [4]
s_uart_slots            0x2000'20d4  0x1150  Data  Lc  drv_uart.o [5]
strcmp                   0x800'1339          Code  Gb  strcmp.o [12]
system_clock_108m_hxtal
                         0x800'4f33    0x8e  Code  Lc  system_gd32f10x.o [6]
system_clock_config      0x800'4e91     0x8  Code  Lc  system_gd32f10x.o [6]
usart_baudrate_set       0x800'435d    0x8a  Code  Gb  gd32f10x_usart.o [7]
usart_data_receive       0x800'44b5     0xa  Code  Gb  gd32f10x_usart.o [7]
usart_deinit             0x800'42dd    0x80  Code  Gb  gd32f10x_usart.o [7]
usart_disable            0x800'446f    0x12  Code  Gb  gd32f10x_usart.o [7]
usart_dma_receive_config
                         0x800'44bf    0x28  Code  Gb  gd32f10x_usart.o [7]
usart_dma_transmit_config
                         0x800'44e7    0x28  Code  Gb  gd32f10x_usart.o [7]
usart_enable             0x800'445d    0x12  Code  Gb  gd32f10x_usart.o [7]
usart_interrupt_enable   0x800'450f    0x20  Code  Gb  gd32f10x_usart.o [7]
usart_interrupt_flag_clear
                         0x800'456f    0x16  Code  Gb  gd32f10x_usart.o [7]
usart_interrupt_flag_get
                         0x800'452f    0x40  Code  Gb  gd32f10x_usart.o [7]
usart_parity_config      0x800'43fd    0x20  Code  Gb  gd32f10x_usart.o [7]
usart_receive_config     0x800'449b    0x1a  Code  Gb  gd32f10x_usart.o [7]
usart_stop_bit_set       0x800'443d    0x20  Code  Gb  gd32f10x_usart.o [7]
usart_transmit_config    0x800'4481    0x1a  Code  Gb  gd32f10x_usart.o [7]
usart_word_length_set    0x800'441d    0x20  Code  Gb  gd32f10x_usart.o [7]
utils_calculate_crc16    0x800'2101    0x3a  Code  Gb  utils_lib.o [8]
utils_calculate_crc32    0x800'2183    0x20  Code  Gb  utils_lib.o [8]
utils_crc32_finalize     0x800'21d9     0x8  Code  Gb  utils_lib.o [8]
utils_crc32_init         0x800'21a3     0x6  Code  Gb  utils_lib.o [8]
utils_crc32_update       0x800'21a9    0x28  Code  Gb  utils_lib.o [8]
utils_get_u16_le         0x800'213b     0xe  Code  Gb  utils_lib.o [8]
utils_get_u32_le         0x800'2149    0x18  Code  Gb  utils_lib.o [8]
utils_put_u16_le         0x800'2161     0xc  Code  Gb  utils_lib.o [8]
utils_put_u32_le         0x800'216d    0x16  Code  Gb  utils_lib.o [8]


[1] = E:\Code_Workspace\01_GD32_Project\05_GD32F103RCT6\01_Servo_Control_JW_V2.0_OTA\boot\project\iar\Debug\Obj\Application_4454359601498626787.dir
[2] = E:\Code_Workspace\01_GD32_Project\05_GD32F103RCT6\01_Servo_Control_JW_V2.0_OTA\boot\project\iar\Debug\Obj\BSP_15524770269462287228.dir
[3] = E:\Code_Workspace\01_GD32_Project\05_GD32F103RCT6\01_Servo_Control_JW_V2.0_OTA\boot\project\iar\Debug\Obj\Components_9784877210825960795.dir
[4] = E:\Code_Workspace\01_GD32_Project\05_GD32F103RCT6\01_Servo_Control_JW_V2.0_OTA\boot\project\iar\Debug\Obj\Device_13867102261166347011.dir
[5] = E:\Code_Workspace\01_GD32_Project\05_GD32F103RCT6\01_Servo_Control_JW_V2.0_OTA\boot\project\iar\Debug\Obj\Drivers_14040216300654056098.dir
[6] = E:\Code_Workspace\01_GD32_Project\05_GD32F103RCT6\01_Servo_Control_JW_V2.0_OTA\boot\project\iar\Debug\Obj\GD32_Device_17593986840209447769.dir
[7] = E:\Code_Workspace\01_GD32_Project\05_GD32F103RCT6\01_Servo_Control_JW_V2.0_OTA\boot\project\iar\Debug\Obj\GD32_StdPeriph_7574966078678928165.dir
[8] = E:\Code_Workspace\01_GD32_Project\05_GD32F103RCT6\01_Servo_Control_JW_V2.0_OTA\boot\project\iar\Debug\Obj\Middleware_7092250950176845902.dir
[9] = E:\Code_Workspace\01_GD32_Project\05_GD32F103RCT6\01_Servo_Control_JW_V2.0_OTA\boot\project\iar\Debug\Obj\Startup_17868067532763321386.dir
[10] = E:\Code_Workspace\01_GD32_Project\05_GD32F103RCT6\01_Servo_Control_JW_V2.0_OTA\boot\project\iar\Debug\Obj\ota_servoces_13819360324431624716.dir
[11] = dl7M_tln.a
[12] = rt7M_tl.a
[13] = shb_l.a

  19'682 bytes of readonly  code memory
   1'898 bytes of readonly  data memory
  16'940 bytes of readwrite data memory

Errors: none
Warnings: none
