###############################################################################
#
# IAR ELF Linker V9.70.1.475/W64 for ARM                  15/Jul/2026  13:43:52
# Copyright 2007-2025 IAR Systems AB.
#
#    Output file  =
#        E:\Code_Workspace\01_GD32_Project\05_GD32F103RCT6\01_Servo_Control_JW_V2.0_OTA\app\project\iar\Debug\Exe\Servo_Control.out_nochecksum
#    Map file     =
#        E:\Code_Workspace\01_GD32_Project\05_GD32F103RCT6\01_Servo_Control_JW_V2.0_OTA\app\project\iar\Debug\List\Servo_Control.map
#    Command line =
#        -f
#        E:\Code_Workspace\01_GD32_Project\05_GD32F103RCT6\01_Servo_Control_JW_V2.0_OTA\app\project\iar\Debug\Exe\Servo_Control.out_nochecksum.rsp
#        (E:\Code_Workspace\01_GD32_Project\05_GD32F103RCT6\01_Servo_Control_JW_V2.0_OTA\app\project\iar\Debug\Obj\Application_4454359601498626787.dir\app_config.o
#        E:\Code_Workspace\01_GD32_Project\05_GD32F103RCT6\01_Servo_Control_JW_V2.0_OTA\app\project\iar\Debug\Obj\Application_4454359601498626787.dir\app_control.o
#        E:\Code_Workspace\01_GD32_Project\05_GD32F103RCT6\01_Servo_Control_JW_V2.0_OTA\app\project\iar\Debug\Obj\Application_4454359601498626787.dir\app_display.o
#        E:\Code_Workspace\01_GD32_Project\05_GD32F103RCT6\01_Servo_Control_JW_V2.0_OTA\app\project\iar\Debug\Obj\Application_4454359601498626787.dir\app_hmi.o
#        E:\Code_Workspace\01_GD32_Project\05_GD32F103RCT6\01_Servo_Control_JW_V2.0_OTA\app\project\iar\Debug\Obj\Application_4454359601498626787.dir\app_hw.o
#        E:\Code_Workspace\01_GD32_Project\05_GD32F103RCT6\01_Servo_Control_JW_V2.0_OTA\app\project\iar\Debug\Obj\Application_4454359601498626787.dir\app_main.o
#        E:\Code_Workspace\01_GD32_Project\05_GD32F103RCT6\01_Servo_Control_JW_V2.0_OTA\app\project\iar\Debug\Obj\Application_4454359601498626787.dir\app_state.o
#        E:\Code_Workspace\01_GD32_Project\05_GD32F103RCT6\01_Servo_Control_JW_V2.0_OTA\app\project\iar\Debug\Obj\Application_4454359601498626787.dir\app_storage.o
#        E:\Code_Workspace\01_GD32_Project\05_GD32F103RCT6\01_Servo_Control_JW_V2.0_OTA\app\project\iar\Debug\Obj\BSP_15524770269462287228.dir\board.o
#        E:\Code_Workspace\01_GD32_Project\05_GD32F103RCT6\01_Servo_Control_JW_V2.0_OTA\app\project\iar\Debug\Obj\FreeRTOS_4536360363620454665.dir\croutine.o
#        E:\Code_Workspace\01_GD32_Project\05_GD32F103RCT6\01_Servo_Control_JW_V2.0_OTA\app\project\iar\Debug\Obj\Device_13867102261166347011.dir\dev_adc.o
#        E:\Code_Workspace\01_GD32_Project\05_GD32F103RCT6\01_Servo_Control_JW_V2.0_OTA\app\project\iar\Debug\Obj\Device_13867102261166347011.dir\dev_gpio.o
#        E:\Code_Workspace\01_GD32_Project\05_GD32F103RCT6\01_Servo_Control_JW_V2.0_OTA\app\project\iar\Debug\Obj\Device_13867102261166347011.dir\dev_i2c.o
#        E:\Code_Workspace\01_GD32_Project\05_GD32F103RCT6\01_Servo_Control_JW_V2.0_OTA\app\project\iar\Debug\Obj\Device_13867102261166347011.dir\dev_pwm.o
#        E:\Code_Workspace\01_GD32_Project\05_GD32F103RCT6\01_Servo_Control_JW_V2.0_OTA\app\project\iar\Debug\Obj\Device_13867102261166347011.dir\dev_timer.o
#        E:\Code_Workspace\01_GD32_Project\05_GD32F103RCT6\01_Servo_Control_JW_V2.0_OTA\app\project\iar\Debug\Obj\Device_13867102261166347011.dir\dev_uart.o
#        E:\Code_Workspace\01_GD32_Project\05_GD32F103RCT6\01_Servo_Control_JW_V2.0_OTA\app\project\iar\Debug\Obj\Device_13867102261166347011.dir\device.o
#        E:\Code_Workspace\01_GD32_Project\05_GD32F103RCT6\01_Servo_Control_JW_V2.0_OTA\app\project\iar\Debug\Obj\digital_tube_2074676353746859852.dir\digital_tube.o
#        E:\Code_Workspace\01_GD32_Project\05_GD32F103RCT6\01_Servo_Control_JW_V2.0_OTA\app\project\iar\Debug\Obj\digital_tube_service_12065541536213142526.dir\digital_tube_service.o
#        E:\Code_Workspace\01_GD32_Project\05_GD32F103RCT6\01_Servo_Control_JW_V2.0_OTA\app\project\iar\Debug\Obj\Drivers_14040216300654056098.dir\drv_adc.o
#        E:\Code_Workspace\01_GD32_Project\05_GD32F103RCT6\01_Servo_Control_JW_V2.0_OTA\app\project\iar\Debug\Obj\Drivers_14040216300654056098.dir\drv_gpio.o
#        E:\Code_Workspace\01_GD32_Project\05_GD32F103RCT6\01_Servo_Control_JW_V2.0_OTA\app\project\iar\Debug\Obj\Drivers_14040216300654056098.dir\drv_i2c.o
#        E:\Code_Workspace\01_GD32_Project\05_GD32F103RCT6\01_Servo_Control_JW_V2.0_OTA\app\project\iar\Debug\Obj\Drivers_14040216300654056098.dir\drv_pwm.o
#        E:\Code_Workspace\01_GD32_Project\05_GD32F103RCT6\01_Servo_Control_JW_V2.0_OTA\app\project\iar\Debug\Obj\Drivers_14040216300654056098.dir\drv_timer.o
#        E:\Code_Workspace\01_GD32_Project\05_GD32F103RCT6\01_Servo_Control_JW_V2.0_OTA\app\project\iar\Debug\Obj\Drivers_14040216300654056098.dir\drv_uart.o
#        E:\Code_Workspace\01_GD32_Project\05_GD32F103RCT6\01_Servo_Control_JW_V2.0_OTA\app\project\iar\Debug\Obj\storage_3435696131549692926.dir\eeprom.o
#        E:\Code_Workspace\01_GD32_Project\05_GD32F103RCT6\01_Servo_Control_JW_V2.0_OTA\app\project\iar\Debug\Obj\encoder_service_11621328168900944744.dir\encoder_service.o
#        E:\Code_Workspace\01_GD32_Project\05_GD32F103RCT6\01_Servo_Control_JW_V2.0_OTA\app\project\iar\Debug\Obj\FreeRTOS_4536360363620454665.dir\event_groups.o
#        E:\Code_Workspace\01_GD32_Project\05_GD32F103RCT6\01_Servo_Control_JW_V2.0_OTA\app\project\iar\Debug\Obj\fault_service_8632579021094681659.dir\fault_service.o
#        E:\Code_Workspace\01_GD32_Project\05_GD32F103RCT6\01_Servo_Control_JW_V2.0_OTA\app\project\iar\Debug\Obj\GD32F10x_driver_802374253036192153.dir\gd32f10x_adc.o
#        E:\Code_Workspace\01_GD32_Project\05_GD32F103RCT6\01_Servo_Control_JW_V2.0_OTA\app\project\iar\Debug\Obj\GD32F10x_driver_802374253036192153.dir\gd32f10x_bkp.o
#        E:\Code_Workspace\01_GD32_Project\05_GD32F103RCT6\01_Servo_Control_JW_V2.0_OTA\app\project\iar\Debug\Obj\GD32F10x_driver_802374253036192153.dir\gd32f10x_can.o
#        E:\Code_Workspace\01_GD32_Project\05_GD32F103RCT6\01_Servo_Control_JW_V2.0_OTA\app\project\iar\Debug\Obj\GD32F10x_driver_802374253036192153.dir\gd32f10x_crc.o
#        E:\Code_Workspace\01_GD32_Project\05_GD32F103RCT6\01_Servo_Control_JW_V2.0_OTA\app\project\iar\Debug\Obj\GD32F10x_driver_802374253036192153.dir\gd32f10x_dac.o
#        E:\Code_Workspace\01_GD32_Project\05_GD32F103RCT6\01_Servo_Control_JW_V2.0_OTA\app\project\iar\Debug\Obj\GD32F10x_driver_802374253036192153.dir\gd32f10x_dbg.o
#        E:\Code_Workspace\01_GD32_Project\05_GD32F103RCT6\01_Servo_Control_JW_V2.0_OTA\app\project\iar\Debug\Obj\GD32F10x_driver_802374253036192153.dir\gd32f10x_dma.o
#        E:\Code_Workspace\01_GD32_Project\05_GD32F103RCT6\01_Servo_Control_JW_V2.0_OTA\app\project\iar\Debug\Obj\GD32F10x_driver_802374253036192153.dir\gd32f10x_enet.o
#        E:\Code_Workspace\01_GD32_Project\05_GD32F103RCT6\01_Servo_Control_JW_V2.0_OTA\app\project\iar\Debug\Obj\GD32F10x_driver_802374253036192153.dir\gd32f10x_exmc.o
#        E:\Code_Workspace\01_GD32_Project\05_GD32F103RCT6\01_Servo_Control_JW_V2.0_OTA\app\project\iar\Debug\Obj\GD32F10x_driver_802374253036192153.dir\gd32f10x_exti.o
#        E:\Code_Workspace\01_GD32_Project\05_GD32F103RCT6\01_Servo_Control_JW_V2.0_OTA\app\project\iar\Debug\Obj\GD32F10x_driver_802374253036192153.dir\gd32f10x_fwdgt.o
#        E:\Code_Workspace\01_GD32_Project\05_GD32F103RCT6\01_Servo_Control_JW_V2.0_OTA\app\project\iar\Debug\Obj\GD32F10x_driver_802374253036192153.dir\gd32f10x_gpio.o
#        E:\Code_Workspace\01_GD32_Project\05_GD32F103RCT6\01_Servo_Control_JW_V2.0_OTA\app\project\iar\Debug\Obj\GD32F10x_driver_802374253036192153.dir\gd32f10x_i2c.o
#        E:\Code_Workspace\01_GD32_Project\05_GD32F103RCT6\01_Servo_Control_JW_V2.0_OTA\app\project\iar\Debug\Obj\Device_1730774324548931077.dir\gd32f10x_it.o
#        E:\Code_Workspace\01_GD32_Project\05_GD32F103RCT6\01_Servo_Control_JW_V2.0_OTA\app\project\iar\Debug\Obj\GD32F10x_driver_802374253036192153.dir\gd32f10x_misc.o
#        E:\Code_Workspace\01_GD32_Project\05_GD32F103RCT6\01_Servo_Control_JW_V2.0_OTA\app\project\iar\Debug\Obj\GD32F10x_driver_802374253036192153.dir\gd32f10x_pmu.o
#        E:\Code_Workspace\01_GD32_Project\05_GD32F103RCT6\01_Servo_Control_JW_V2.0_OTA\app\project\iar\Debug\Obj\GD32F10x_driver_802374253036192153.dir\gd32f10x_rcu.o
#        E:\Code_Workspace\01_GD32_Project\05_GD32F103RCT6\01_Servo_Control_JW_V2.0_OTA\app\project\iar\Debug\Obj\GD32F10x_driver_802374253036192153.dir\gd32f10x_rtc.o
#        E:\Code_Workspace\01_GD32_Project\05_GD32F103RCT6\01_Servo_Control_JW_V2.0_OTA\app\project\iar\Debug\Obj\GD32F10x_driver_802374253036192153.dir\gd32f10x_sdio.o
#        E:\Code_Workspace\01_GD32_Project\05_GD32F103RCT6\01_Servo_Control_JW_V2.0_OTA\app\project\iar\Debug\Obj\GD32F10x_driver_802374253036192153.dir\gd32f10x_spi.o
#        E:\Code_Workspace\01_GD32_Project\05_GD32F103RCT6\01_Servo_Control_JW_V2.0_OTA\app\project\iar\Debug\Obj\GD32F10x_driver_802374253036192153.dir\gd32f10x_timer.o
#        E:\Code_Workspace\01_GD32_Project\05_GD32F103RCT6\01_Servo_Control_JW_V2.0_OTA\app\project\iar\Debug\Obj\GD32F10x_driver_802374253036192153.dir\gd32f10x_usart.o
#        E:\Code_Workspace\01_GD32_Project\05_GD32F103RCT6\01_Servo_Control_JW_V2.0_OTA\app\project\iar\Debug\Obj\GD32F10x_driver_802374253036192153.dir\gd32f10x_wwdgt.o
#        E:\Code_Workspace\01_GD32_Project\05_GD32F103RCT6\01_Servo_Control_JW_V2.0_OTA\app\project\iar\Debug\Obj\FreeRTOS_4536360363620454665.dir\heap_4.o
#        E:\Code_Workspace\01_GD32_Project\05_GD32F103RCT6\01_Servo_Control_JW_V2.0_OTA\app\project\iar\Debug\Obj\key_service_15439591275177894613.dir\key_service.o
#        E:\Code_Workspace\01_GD32_Project\05_GD32F103RCT6\01_Servo_Control_JW_V2.0_OTA\app\project\iar\Debug\Obj\led_service_4018479847909056226.dir\led_service.o
#        E:\Code_Workspace\01_GD32_Project\05_GD32F103RCT6\01_Servo_Control_JW_V2.0_OTA\app\project\iar\Debug\Obj\FreeRTOS_4536360363620454665.dir\list.o
#        E:\Code_Workspace\01_GD32_Project\05_GD32F103RCT6\01_Servo_Control_JW_V2.0_OTA\app\project\iar\Debug\Obj\Application_4454359601498626787.dir\main.o
#        E:\Code_Workspace\01_GD32_Project\05_GD32F103RCT6\01_Servo_Control_JW_V2.0_OTA\app\project\iar\Debug\Obj\ota_service_7119661423722114140.dir\ota_image.o
#        E:\Code_Workspace\01_GD32_Project\05_GD32F103RCT6\01_Servo_Control_JW_V2.0_OTA\app\project\iar\Debug\Obj\ota_service_7119661423722114140.dir\ota_protocol.o
#        E:\Code_Workspace\01_GD32_Project\05_GD32F103RCT6\01_Servo_Control_JW_V2.0_OTA\app\project\iar\Debug\Obj\ota_service_7119661423722114140.dir\ota_service.o
#        E:\Code_Workspace\01_GD32_Project\05_GD32F103RCT6\01_Servo_Control_JW_V2.0_OTA\app\project\iar\Debug\Obj\FreeRTOS_4536360363620454665.dir\port.o
#        E:\Code_Workspace\01_GD32_Project\05_GD32F103RCT6\01_Servo_Control_JW_V2.0_OTA\app\project\iar\Debug\Obj\FreeRTOS_4536360363620454665.dir\portasm.o
#        E:\Code_Workspace\01_GD32_Project\05_GD32F103RCT6\01_Servo_Control_JW_V2.0_OTA\app\project\iar\Debug\Obj\FreeRTOS_4536360363620454665.dir\queue.o
#        E:\Code_Workspace\01_GD32_Project\05_GD32F103RCT6\01_Servo_Control_JW_V2.0_OTA\app\project\iar\Debug\Obj\remote_service_13545358747635684842.dir\remote_service.o
#        E:\Code_Workspace\01_GD32_Project\05_GD32F103RCT6\01_Servo_Control_JW_V2.0_OTA\app\project\iar\Debug\Obj\Services_6399416474134996800.dir\services.o
#        E:\Code_Workspace\01_GD32_Project\05_GD32F103RCT6\01_Servo_Control_JW_V2.0_OTA\app\project\iar\Debug\Obj\servo_service_992771348006326893.dir\servo_service.o
#        E:\Code_Workspace\01_GD32_Project\05_GD32F103RCT6\01_Servo_Control_JW_V2.0_OTA\app\project\iar\Debug\Obj\Startup_17868067532763321386.dir\startup_gd32f10x_hd.o
#        E:\Code_Workspace\01_GD32_Project\05_GD32F103RCT6\01_Servo_Control_JW_V2.0_OTA\app\project\iar\Debug\Obj\FreeRTOS_4536360363620454665.dir\stream_buffer.o
#        E:\Code_Workspace\01_GD32_Project\05_GD32F103RCT6\01_Servo_Control_JW_V2.0_OTA\app\project\iar\Debug\Obj\Device_1730774324548931077.dir\system_gd32f10x.o
#        E:\Code_Workspace\01_GD32_Project\05_GD32F103RCT6\01_Servo_Control_JW_V2.0_OTA\app\project\iar\Debug\Obj\FreeRTOS_4536360363620454665.dir\tasks.o
#        E:\Code_Workspace\01_GD32_Project\05_GD32F103RCT6\01_Servo_Control_JW_V2.0_OTA\app\project\iar\Debug\Obj\FreeRTOS_4536360363620454665.dir\timers.o
#        E:\Code_Workspace\01_GD32_Project\05_GD32F103RCT6\01_Servo_Control_JW_V2.0_OTA\app\project\iar\Debug\Obj\utils_8906540227699916639.dir\utils_lib.o
#        E:\Code_Workspace\01_GD32_Project\05_GD32F103RCT6\01_Servo_Control_JW_V2.0_OTA\app\project\iar\Debug\Obj\watchdog_service_15197748488102654179.dir\watchdog_service.o
#        --no_out_extension -o
#        E:\Code_Workspace\01_GD32_Project\05_GD32F103RCT6\01_Servo_Control_JW_V2.0_OTA\app\project\iar\Debug\Exe\Servo_Control.out_nochecksum
#        --keep .boot
#        --image_input=E:\Code_Workspace\01_GD32_Project\05_GD32F103RCT6\01_Servo_Control_JW_V2.0_OTA\app\project\iar\..\..\..\boot\project\iar\Debug\Exe\Servo_Control_boot.bin,.boot,.boot,4
#        --map
#        E:\Code_Workspace\01_GD32_Project\05_GD32F103RCT6\01_Servo_Control_JW_V2.0_OTA\app\project\iar\Debug\List\Servo_Control.map
#        --config
#        E:\Code_Workspace\01_GD32_Project\05_GD32F103RCT6\01_Servo_Control_JW_V2.0_OTA\app\project\iar\..\iar\linker\GD32F103xC.icf
#        --keep __checksum --semihosting --entry __iar_program_start
#        --place_holder __checksum,2,.checksum,1 --define_symbol
#        __checksum_begin=0x8008000 --define_symbol __checksum_end=0x8027ffd
#        --vfe --text_out locale --cpu=Cortex-M3 --fpu=None)
#        --diagnostics_format=sarif_stdout --dependencies=n
#        E:\Code_Workspace\01_GD32_Project\05_GD32F103RCT6\01_Servo_Control_JW_V2.0_OTA\app\project\iar\Debug\Exe\Servo_Control.out_nochecksum.iar_deps
#        --dynamic_output
#        E:\Code_Workspace\01_GD32_Project\05_GD32F103RCT6\01_Servo_Control_JW_V2.0_OTA\app\project\iar\Debug\Exe\Servo_Control.out_nochecksum.iar_dynout
#
###############################################################################

*******************************************************************************
*** RUNTIME MODEL ATTRIBUTES
***

CppFlavor       = *
__CPP_Runtime   = 1
__SystemLibrary = DLib
__dlib_version  = 6


*******************************************************************************
*** HEAP SELECTION
***

The basic heap was selected because --advanced_heap
was not specified and the application did not appear to
be primarily optimized for speed.


*******************************************************************************
*** PLACEMENT SUMMARY
***

"A0":  place at address 0x800'8000 {  ro section .intvec };
"A1":  place at address 0x800'0000 {  ro section .boot };
"A2":  place at address 0x802'7ffe {  ro section .checksum };
"P1":  place in [from 0x800'8000 to 0x802'7fff] {  ro };
define block CSTACK with size = 1K, alignment = 8 { };
define block PROC_STACK with size = 0, alignment = 8 { };
define block HEAP with size = 2K, alignment = 8 { };
"P2":  place in [from 0x2000'0000 to 0x2000'bfff] {
           rw,  block CSTACK,  block PROC_STACK,  block HEAP };
initialize by copy {  rw };

  Section            Kind         Address  Alignment    Size  Object
  -------            ----         -------  ---------    ----  ------
"A1":                                                 0x53c0
  .boot              const     0x800'0000          4  0x53c0  Servo_Control_boot.bin [1]
                             - 0x800'53c0             0x53c0

"A0":                                                  0x130
  .intvec            ro code   0x800'8000          4   0x130  startup_gd32f10x_hd.o [10]
                             - 0x800'8130              0x130

"P1":                                                 0xdc3c
  .text              ro code   0x800'8130          4  0x11c0  tasks.o [7]
  .text              ro code   0x800'92f0          4    0x66  ABImemset.o [25]
  .text              ro code   0x800'9356          2    0x2a  copy_init3.o [25]
  .text              ro code   0x800'9380          4   0x218  heap_4.o [7]
  .text              ro code   0x800'9598          2    0x8a  list.o [7]
  .text              ro code   0x800'9622          2    0x1a  xsnprout.o [23]
  .text              ro code   0x800'963c          4    0xc4  port.o [7]
  .text              ro code   0x800'9700          4   0x458  timers.o [7]
  .text              ro code   0x800'9b58          4    0x34  port.o [7]
  CODE               ro code   0x800'9b8c          4    0x88  portasm.o [7]
  .text              ro code   0x800'9c14          4   0x928  queue.o [7]
  .text              ro code   0x800'a53c          4     0x6  ABImemclr4.o [25]
  .text              ro code   0x800'a544          4    0xa6  ABImemcpy.o [25]
  .text              ro code   0x800'a5ec          4    0x32  ABImemset48.o [25]
  .text              ro code   0x800'a620          4   0xeb6  xprintffull_nomb.o [23]
  .text              ro code   0x800'b4d8          4    0x16  strchr.o [25]
  .text              ro code   0x800'b4f0          4    0x40  xfail_s.o [23]
  .text              ro code   0x800'b530          4    0x36  strlen.o [25]
  .text              ro code   0x800'b568          4    0x58  memchr.o [25]
  .text              ro code   0x800'b5c0          4    0x70  frexp.o [24]
  .text              ro code   0x800'b630          4    0x34  DblCmpLe.o [24]
  .text              ro code   0x800'b664          4    0x34  DblCmpGe.o [24]
  .text              ro code   0x800'b698          4   0x13a  ldexp.o [24]
  .text              ro code   0x800'b7d4          4    0x36  DblToS32.o [24]
  .text              ro code   0x800'b80c          4    0x22  S32ToDbl.o [24]
  .text              ro code   0x800'b830          4   0x24e  DblAddSub.o [24]
  .text              ro code   0x800'ba80          4   0x246  DblDiv.o [24]
  .text              ro code   0x800'bcc8          4    0x22  DblToU32.o [24]
  .text              ro code   0x800'bcec          4    0x1c  U32ToDbl.o [24]
  .text              ro code   0x800'bd08          4   0x1aa  DblMul.o [24]
  .text              ro code   0x800'beb4          4   0x230  I64DivMod.o [25]
  .text              ro code   0x800'c0e4          2     0x6  abort.o [23]
  .text              ro code   0x800'c0ec          4     0x2  I64DivZer.o [25]
  .text              ro code   0x800'c0f0          4    0x14  exit.o [26]
  .text              ro code   0x800'c104          4   0x9d0  drv_i2c.o [6]
  .text              ro code   0x800'cad4          4   0x26c  gd32f10x_i2c.o [8]
  .text              ro code   0x800'cd40          4   0x1f0  gd32f10x_rcu.o [8]
  .text              ro code   0x800'cf30          4   0x1c4  gd32f10x_gpio.o [8]
  .text              ro code   0x800'd0f4          4   0x254  device.o [4]
  .text              ro code   0x800'd348          4    0x12  strcmp.o [25]
  .text              ro code   0x800'd35c          4   0x770  app_control.o [2]
  .text              ro code   0x800'dacc          4   0x270  app_storage.o [2]
  .text              ro code   0x800'dd3c          4   0x1cc  app_state.o [2]
  .text              ro code   0x800'df08          4   0x364  key_service.o [15]
  .text              ro code   0x800'e26c          4   0x284  servo_service.o [19]
  .text              ro code   0x800'e4f0          4   0x3cc  remote_service.o [18]
  .text              ro code   0x800'e8bc          4   0x354  led_service.o [16]
  .text              ro code   0x800'ec10          4    0xe4  app_hw.o [2]
  .text              ro code   0x800'ecf4          4    0xbc  utils_lib.o [21]
  .text              ro code   0x800'edb0          4   0x4b8  eeprom.o [20]
  .text              ro code   0x800'f268          2   0x136  dev_gpio.o [4]
  .text              ro code   0x800'f39e          2    0xc8  dev_pwm.o [4]
  .text              ro code   0x800'f466          2    0xe4  dev_timer.o [4]
  .text              ro code   0x800'f54a          2    0x6c  dev_adc.o [4]
  .text              ro code   0x800'f5b8          4   0x388  dev_uart.o [4]
  .text              ro code   0x800'f940          2   0x20a  dev_i2c.o [4]
  .text              ro code   0x800'fb4c          4    0x68  memcmp.o [25]
  .text              ro code   0x800'fbb4          2   0x3fa  stream_buffer.o [7]
  .text              ro code   0x800'ffb0          4   0x764  gd32f10x_timer.o [8]
  .text              ro code   0x801'0714          4   0x6a8  drv_gpio.o [6]
  .text              ro code   0x801'0dbc          4    0xc0  gd32f10x_exti.o [8]
  .text              ro code   0x801'0e7c          4    0xe4  gd32f10x_misc.o [8]
  .text              ro code   0x801'0f60          4   0x662  drv_uart.o [6]
  .text              ro code   0x801'15c4          4   0x420  gd32f10x_dma.o [8]
  .text              ro code   0x801'19e4          4   0x2a8  gd32f10x_usart.o [8]
  .text              ro code   0x801'1c8c          4   0x654  app_hmi.o [2]
  .text              ro code   0x801'22e0          4    0x3c  vsnprint.o [23]
  .text              ro code   0x801'231c          4   0x4b4  app_display.o [2]
  .text              ro code   0x801'27d0          4   0x374  encoder_service.o [13]
  .text              ro code   0x801'2b44          4   0x338  ota_service.o [17]
  .text              ro code   0x801'2e7c          4   0x130  digital_tube_service.o [12]
  .text              ro code   0x801'2fac          2   0x1f2  ota_protocol.o [17]
  .text              ro code   0x801'31a0          4   0x1d4  ota_image.o [17]
  .text              ro code   0x801'3374          4   0x2a0  digital_tube.o [11]
  .text              ro code   0x801'3614          4   0x4d0  drv_pwm.o [6]
  .text              ro code   0x801'3ae4          4   0x414  gd32f10x_adc.o [8]
  .rodata            const     0x801'3ef8          4   0x400  utils_lib.o [21]
  .text              ro code   0x801'42f8          4   0x3ec  drv_timer.o [6]
  .text              ro code   0x801'46e4          4   0x3e0  drv_adc.o [6]
  .rodata            const     0x801'4ac4          4   0x230  board.o [3]
  .rodata            const     0x801'4cf4          4   0x200  utils_lib.o [21]
  .text              ro code   0x801'4ef4          4   0x1d8  board.o [3]
  .text              ro code   0x801'50cc          4   0x154  system_gd32f10x.o [5]
  .text              ro code   0x801'5220          4    0x8c  app_config.o [2]
  .text              ro code   0x801'52ac          2    0x78  app_main.o [2]
  .rodata            const     0x801'5324          4    0x54  app_hmi.o [2]
  .rodata            const     0x801'5378          4    0x3c  app_hmi.o [2]
  .rodata            const     0x801'53b4          4    0x38  app_config.o [2]
  .text              ro code   0x801'53ec          2    0x38  zero_init3.o [25]
  .rodata            const     0x801'5424          4    0x30  board.o [3]
  .rodata            const     0x801'5454          4    0x30  board.o [3]
  .rodata            const     0x801'5484          4    0x2c  board.o [3]
  .text              ro code   0x801'54b0          4    0x2c  fault_service.o [14]
  .rodata            const     0x801'54dc          4    0x28  app_hmi.o [2]
  .rodata            const     0x801'5504          4    0x28  board.o [3]
  .text              ro code   0x801'552c          4    0x28  data_init.o [25]
  .text              ro code   0x801'5554          4    0x24  watchdog_service.o [22]
  .text              ro code   0x801'5578          2    0x22  services.o [9]
  .text              ro code   0x801'559c          4    0x22  cmain.o [25]
  .text              ro code   0x801'55be          2     0x4  low_level_init.o [23]
  .text              ro code   0x801'55c2          2    0x14  main.o [2]
  .text              ro code   0x801'55d6          2     0x4  exit.o [23]
  .text              ro code   0x801'55dc          4     0x4  cexit.o [25]
  .text              ro code   0x801'55e0          4     0xa  cexit_2.o [25]
  .iar.init_table    const     0x801'55ec          4    0x24  - Linker created -
  .text              ro code   0x801'5610          4    0x1e  cstartup_M.o [25]
  .rodata            const     0x801'5630          4    0x1c  board.o [3]
  .rodata            const     0x801'564c          4    0x1c  board.o [3]
  .rodata            const     0x801'5668          4    0x18  app_config.o [2]
  .rodata            const     0x801'5680          4    0x18  app_config.o [2]
  .rodata            const     0x801'5698          4    0x18  app_config.o [2]
  .rodata            const     0x801'56b0          4    0x18  app_hmi.o [2]
  .rodata            const     0x801'56c8          4    0x18  app_hmi.o [2]
  .rodata            const     0x801'56e0          4    0x18  app_hmi.o [2]
  .rodata            const     0x801'56f8          4    0x18  app_hmi.o [2]
  .rodata            const     0x801'5710          4    0x18  app_hmi.o [2]
  .rodata            const     0x801'5728          4    0x18  app_hw.o [2]
  .rodata            const     0x801'5740          4    0x18  board.o [3]
  .rodata            const     0x801'5758          4    0x18  drv_adc.o [6]
  .rodata            const     0x801'5770          4    0x18  drv_gpio.o [6]
  .rodata            const     0x801'5788          4    0x18  drv_i2c.o [6]
  .rodata            const     0x801'57a0          4    0x18  drv_pwm.o [6]
  .rodata            const     0x801'57b8          4    0x18  drv_timer.o [6]
  .rodata            const     0x801'57d0          4    0x18  drv_uart.o [6]
  .rodata            const     0x801'57e8          4    0x14  app_config.o [2]
  .rodata            const     0x801'57fc          4    0x14  app_config.o [2]
  .rodata            const     0x801'5810          4    0x14  app_config.o [2]
  .rodata            const     0x801'5824          4    0x14  app_hmi.o [2]
  .rodata            const     0x801'5838          4    0x14  app_hmi.o [2]
  .rodata            const     0x801'584c          4    0x14  app_hmi.o [2]
  .rodata            const     0x801'5860          4    0x14  app_hmi.o [2]
  .rodata            const     0x801'5874          4    0x14  app_hw.o [2]
  .rodata            const     0x801'5888          4    0x14  board.o [3]
  .rodata            const     0x801'589c          4    0x14  board.o [3]
  .rodata            const     0x801'58b0          4    0x14  board.o [3]
  .rodata            const     0x801'58c4          4    0x10  app_config.o [2]
  .rodata            const     0x801'58d4          4    0x10  app_config.o [2]
  .rodata            const     0x801'58e4          4    0x10  app_config.o [2]
  .rodata            const     0x801'58f4          4    0x10  app_config.o [2]
  .rodata            const     0x801'5904          4    0x10  app_config.o [2]
  .rodata            const     0x801'5914          4    0x10  app_config.o [2]
  .rodata            const     0x801'5924          4    0x10  app_config.o [2]
  .rodata            const     0x801'5934          4    0x10  app_config.o [2]
  .rodata            const     0x801'5944          4    0x10  app_config.o [2]
  .rodata            const     0x801'5954          4    0x10  app_config.o [2]
  .rodata            const     0x801'5964          4    0x10  app_config.o [2]
  .rodata            const     0x801'5974          4    0x10  app_config.o [2]
  .rodata            const     0x801'5984          4    0x10  app_config.o [2]
  .rodata            const     0x801'5994          4    0x10  app_config.o [2]
  .rodata            const     0x801'59a4          4    0x10  app_config.o [2]
  .rodata            const     0x801'59b4          4    0x10  app_config.o [2]
  .rodata            const     0x801'59c4          4    0x10  app_config.o [2]
  .rodata            const     0x801'59d4          4    0x10  app_hmi.o [2]
  .rodata            const     0x801'59e4          4    0x10  app_hmi.o [2]
  .rodata            const     0x801'59f4          4    0x10  app_hw.o [2]
  .rodata            const     0x801'5a04          4    0x10  board.o [3]
  .rodata            const     0x801'5a14          4    0x10  board.o [3]
  .rodata            const     0x801'5a24          4    0x10  board.o [3]
  .rodata            const     0x801'5a34          4    0x10  board.o [3]
  .rodata            const     0x801'5a44          4    0x10  board.o [3]
  .rodata            const     0x801'5a54          4    0x10  board.o [3]
  .rodata            const     0x801'5a64          4    0x10  board.o [3]
  .rodata            const     0x801'5a74          4    0x10  board.o [3]
  .rodata            const     0x801'5a84          4    0x10  board.o [3]
  .rodata            const     0x801'5a94          4    0x10  board.o [3]
  .rodata            const     0x801'5aa4          4    0x10  board.o [3]
  .rodata            const     0x801'5ab4          4    0x10  board.o [3]
  .rodata            const     0x801'5ac4          4    0x10  board.o [3]
  .rodata            const     0x801'5ad4          4    0x10  board.o [3]
  .rodata            const     0x801'5ae4          4    0x10  board.o [3]
  .rodata            const     0x801'5af4          4    0x10  board.o [3]
  .rodata            const     0x801'5b04          4    0x10  gd32f10x_rcu.o [8]
  .rodata            const     0x801'5b14          4    0x10  ota_service.o [17]
  .text              ro code   0x801'5b24          4    0x10  startup_gd32f10x_hd.o [10]
  .rodata            const     0x801'5b34          4     0xc  app_config.o [2]
  .rodata            const     0x801'5b40          4     0xc  app_config.o [2]
  .rodata            const     0x801'5b4c          4     0xc  app_config.o [2]
  .rodata            const     0x801'5b58          4     0xc  app_config.o [2]
  .rodata            const     0x801'5b64          4     0xc  app_control.o [2]
  .rodata            const     0x801'5b70          4     0xc  app_control.o [2]
  .rodata            const     0x801'5b7c          4     0xc  app_display.o [2]
  .rodata            const     0x801'5b88          4     0xc  app_hmi.o [2]
  .rodata            const     0x801'5b94          4     0xc  app_hmi.o [2]
  .rodata            const     0x801'5ba0          4     0xc  board.o [3]
  .rodata            const     0x801'5bac          4     0xc  board.o [3]
  .rodata            const     0x801'5bb8          4     0xc  board.o [3]
  .rodata            const     0x801'5bc4          4     0xc  board.o [3]
  .rodata            const     0x801'5bd0          4     0xc  digital_tube.o [11]
  .rodata            const     0x801'5bdc          4     0xc  led_service.o [16]
  .text              ro code   0x801'5be8          2     0xc  gd32f10x_it.o [5]
  Initializer bytes  const     0x801'5bf4          4     0xc  <for P2-1>
  .rodata            const     0x801'5c00          4     0x8  app_config.o [2]
  .rodata            const     0x801'5c08          4     0x8  app_config.o [2]
  .rodata            const     0x801'5c10          4     0x8  app_config.o [2]
  .rodata            const     0x801'5c18          4     0x8  app_config.o [2]
  .rodata            const     0x801'5c20          4     0x8  app_config.o [2]
  .rodata            const     0x801'5c28          4     0x8  app_config.o [2]
  .rodata            const     0x801'5c30          4     0x8  app_control.o [2]
  .rodata            const     0x801'5c38          4     0x8  app_hmi.o [2]
  .rodata            const     0x801'5c40          4     0x8  app_hmi.o [2]
  .rodata            const     0x801'5c48          4     0x8  app_hmi.o [2]
  .rodata            const     0x801'5c50          4     0x8  app_hw.o [2]
  .rodata            const     0x801'5c58          4     0x8  app_storage.o [2]
  .rodata            const     0x801'5c60          4     0x8  board.o [3]
  .rodata            const     0x801'5c68          4     0x8  board.o [3]
  .rodata            const     0x801'5c70          4     0x8  digital_tube_service.o [12]
  .rodata            const     0x801'5c78          4     0x8  gd32f10x_rcu.o [8]
  .rodata            const     0x801'5c80          4     0x8  gd32f10x_rcu.o [8]
  .rodata            const     0x801'5c88          4     0x8  key_service.o [15]
  .rodata            const     0x801'5c90          4     0x8  ota_image.o [17]
  .rodata            const     0x801'5c98          4     0x8  tasks.o [7]
  .rodata            const     0x801'5ca0          4     0x8  timers.o [7]
  .rodata            const     0x801'5ca8          4     0x4  heap_4.o [7]
  .text              ro code   0x801'5cac          2     0x4  startup_gd32f10x_hd.o [10]
  .text              ro code   0x801'5cb0          2     0x4  startup_gd32f10x_hd.o [10]
  .text              ro code   0x801'5cb4          2     0x4  startup_gd32f10x_hd.o [10]
  .text              ro code   0x801'5cb8          2     0x4  startup_gd32f10x_hd.o [10]
  .text              ro code   0x801'5cbc          2     0x4  startup_gd32f10x_hd.o [10]
  .text              ro code   0x801'5cc0          2     0x4  startup_gd32f10x_hd.o [10]
  .text              ro code   0x801'5cc4          2     0x4  startup_gd32f10x_hd.o [10]
  .text              ro code   0x801'5cc8          2     0x4  startup_gd32f10x_hd.o [10]
  .text              ro code   0x801'5ccc          2     0x4  startup_gd32f10x_hd.o [10]
  .text              ro code   0x801'5cd0          2     0x4  startup_gd32f10x_hd.o [10]
  .text              ro code   0x801'5cd4          2     0x4  startup_gd32f10x_hd.o [10]
  .text              ro code   0x801'5cd8          2     0x4  startup_gd32f10x_hd.o [10]
  .text              ro code   0x801'5cdc          2     0x4  startup_gd32f10x_hd.o [10]
  .text              ro code   0x801'5ce0          2     0x4  startup_gd32f10x_hd.o [10]
  .text              ro code   0x801'5ce4          2     0x4  startup_gd32f10x_hd.o [10]
  .text              ro code   0x801'5ce8          2     0x4  startup_gd32f10x_hd.o [10]
  .text              ro code   0x801'5cec          2     0x4  startup_gd32f10x_hd.o [10]
  .text              ro code   0x801'5cf0          2     0x4  startup_gd32f10x_hd.o [10]
  .text              ro code   0x801'5cf4          2     0x4  startup_gd32f10x_hd.o [10]
  .text              ro code   0x801'5cf8          2     0x4  startup_gd32f10x_hd.o [10]
  .text              ro code   0x801'5cfc          2     0x4  startup_gd32f10x_hd.o [10]
  .text              ro code   0x801'5d00          2     0x4  startup_gd32f10x_hd.o [10]
  .text              ro code   0x801'5d04          2     0x4  startup_gd32f10x_hd.o [10]
  .text              ro code   0x801'5d08          2     0x4  startup_gd32f10x_hd.o [10]
  .text              ro code   0x801'5d0c          2     0x4  startup_gd32f10x_hd.o [10]
  .text              ro code   0x801'5d10          2     0x4  startup_gd32f10x_hd.o [10]
  .text              ro code   0x801'5d14          2     0x4  startup_gd32f10x_hd.o [10]
  .text              ro code   0x801'5d18          2     0x4  startup_gd32f10x_hd.o [10]
  .text              ro code   0x801'5d1c          2     0x4  startup_gd32f10x_hd.o [10]
  .text              ro code   0x801'5d20          2     0x4  startup_gd32f10x_hd.o [10]
  .text              ro code   0x801'5d24          2     0x4  startup_gd32f10x_hd.o [10]
  .text              ro code   0x801'5d28          2     0x4  startup_gd32f10x_hd.o [10]
  .text              ro code   0x801'5d2c          2     0x4  startup_gd32f10x_hd.o [10]
  .text              ro code   0x801'5d30          2     0x4  startup_gd32f10x_hd.o [10]
  .text              ro code   0x801'5d34          2     0x4  startup_gd32f10x_hd.o [10]
  .text              ro code   0x801'5d38          2     0x4  startup_gd32f10x_hd.o [10]
  .text              ro code   0x801'5d3c          2     0x4  startup_gd32f10x_hd.o [10]
  .text              ro code   0x801'5d40          2     0x4  startup_gd32f10x_hd.o [10]
  .text              ro code   0x801'5d44          2     0x4  startup_gd32f10x_hd.o [10]
  .text              ro code   0x801'5d48          2     0x4  startup_gd32f10x_hd.o [10]
  .text              ro code   0x801'5d4c          2     0x4  startup_gd32f10x_hd.o [10]
  .text              ro code   0x801'5d50          2     0x4  startup_gd32f10x_hd.o [10]
  .text              ro code   0x801'5d54          2     0x4  startup_gd32f10x_hd.o [10]
  .text              ro code   0x801'5d58          2     0x4  startup_gd32f10x_hd.o [10]
  .text              ro code   0x801'5d5c          2     0x4  startup_gd32f10x_hd.o [10]
  .text              ro code   0x801'5d60          2     0x4  startup_gd32f10x_hd.o [10]
  .text              ro code   0x801'5d64          2     0x4  startup_gd32f10x_hd.o [10]
  .text              ro code   0x801'5d68          2     0x4  startup_gd32f10x_hd.o [10]
  .rodata            const     0x801'5d6c                0x0  zero_init3.o [25]
  .rodata            const     0x801'5d6c                0x0  copy_init3.o [25]
                             - 0x801'5d6c             0xdc3c

"A2":                                                    0x2
  .checksum          const     0x802'7ffe                0x2  Place holder __checksum
                             - 0x802'8000                0x2

"P2", part 1 of 3:                                       0xc
  P2-1                        0x2000'0000          4     0xc  <Init block>
    .data            inited   0x2000'0000          4     0x4  port.o [7]
    .data            inited   0x2000'0004          4     0x4  system_gd32f10x.o [5]
    .data            inited   0x2000'0008          4     0x4  tasks.o [7]
                            - 0x2000'000c                0xc

"P2", part 2 of 3:                                    0x9354
  .bss               zero     0x2000'000c          4  0x6000  heap_4.o [7]
  .bss               zero     0x2000'600c          4  0x1150  drv_uart.o [6]
  .bss               zero     0x2000'715c          4   0x800  tasks.o [7]
  .bss               zero     0x2000'795c          4   0x600  drv_gpio.o [6]
  .bss               zero     0x2000'7f5c          4   0x400  tasks.o [7]
  .bss               zero     0x2000'835c          4   0x260  drv_pwm.o [6]
  .bss               zero     0x2000'85bc          4   0x200  drv_adc.o [6]
  .bss               zero     0x2000'87bc          4   0x200  ota_service.o [17]
  .bss               zero     0x2000'89bc          4   0x1c0  tasks.o [7]
  .bss               zero     0x2000'8b7c          4    0xe0  drv_timer.o [6]
  .bss               zero     0x2000'8c5c          4    0xc0  dev_uart.o [4]
  .bss               zero     0x2000'8d1c          4    0xa0  timers.o [7]
  .bss               zero     0x2000'8dbc          4    0x80  device.o [4]
  .bss               zero     0x2000'8e3c          4    0x78  drv_i2c.o [6]
  .bss               zero     0x2000'8eb4          4    0x68  tasks.o [7]
  .bss               zero     0x2000'8f1c          4    0x68  tasks.o [7]
  .bss               zero     0x2000'8f84          4    0x60  eeprom.o [20]
  .bss               zero     0x2000'8fe4          4    0x5c  timers.o [7]
  .bss               zero     0x2000'9040          4    0x58  drv_adc.o [6]
  .bss               zero     0x2000'9098          4    0x48  remote_service.o [18]
  .bss               zero     0x2000'90e0          4    0x38  ota_service.o [17]
  .bss               zero     0x2000'9118          4    0x34  digital_tube.o [11]
  .bss               zero     0x2000'914c          4    0x1c  tasks.o [7]
  .bss               zero     0x2000'9168          4    0x1c  tasks.o [7]
  .bss               zero     0x2000'9184          4    0x1c  tasks.o [7]
  .bss               zero     0x2000'91a0          4    0x1c  tasks.o [7]
  .bss               zero     0x2000'91bc          4    0x1c  tasks.o [7]
  .bss               zero     0x2000'91d8          4    0x1c  timers.o [7]
  .bss               zero     0x2000'91f4          4    0x1c  timers.o [7]
  .bss               zero     0x2000'9210          4    0x18  key_service.o [15]
  .bss               zero     0x2000'9228          4    0x10  app_state.o [2]
  .bss               zero     0x2000'9238          4     0xc  app_display.o [2]
  .bss               zero     0x2000'9244          4     0xc  app_state.o [2]
  .bss               zero     0x2000'9250          4     0x8  app_control.o [2]
  .bss               zero     0x2000'9258          4     0x8  app_hmi.o [2]
  .bss               zero     0x2000'9260          4     0x8  encoder_service.o [13]
  .bss               zero     0x2000'9268          4     0x8  heap_4.o [7]
  .bss               zero     0x2000'9270          4     0x8  led_service.o [16]
  .bss               zero     0x2000'9278          4     0x4  app_control.o [2]
  .bss               zero     0x2000'927c          4     0x4  app_control.o [2]
  .bss               zero     0x2000'9280          4     0x4  app_control.o [2]
  .bss               zero     0x2000'9284          4     0x4  app_display.o [2]
  .bss               zero     0x2000'9288          4     0x4  app_hmi.o [2]
  .bss               zero     0x2000'928c          4     0x4  app_state.o [2]
  .bss               zero     0x2000'9290          4     0x4  digital_tube.o [11]
  .bss               zero     0x2000'9294          4     0x4  digital_tube_service.o [12]
  .bss               zero     0x2000'9298          4     0x4  encoder_service.o [13]
  .bss               zero     0x2000'929c          4     0x4  encoder_service.o [13]
  .bss               zero     0x2000'92a0          4     0x4  encoder_service.o [13]
  .bss               zero     0x2000'92a4          4     0x4  fault_service.o [14]
  .bss               zero     0x2000'92a8          4     0x4  fault_service.o [14]
  .bss               zero     0x2000'92ac          4     0x4  heap_4.o [7]
  .bss               zero     0x2000'92b0          4     0x4  heap_4.o [7]
  .bss               zero     0x2000'92b4          4     0x4  heap_4.o [7]
  .bss               zero     0x2000'92b8          4     0x4  heap_4.o [7]
  .bss               zero     0x2000'92bc          4     0x4  heap_4.o [7]
  .bss               zero     0x2000'92c0          4     0x4  key_service.o [15]
  .bss               zero     0x2000'92c4          4     0x4  key_service.o [15]
  .bss               zero     0x2000'92c8          4     0x4  key_service.o [15]
  .bss               zero     0x2000'92cc          4     0x4  key_service.o [15]
  .bss               zero     0x2000'92d0          4     0x4  key_service.o [15]
  .bss               zero     0x2000'92d4          4     0x4  key_service.o [15]
  .bss               zero     0x2000'92d8          4     0x4  led_service.o [16]
  .bss               zero     0x2000'92dc          4     0x4  led_service.o [16]
  .bss               zero     0x2000'92e0          4     0x4  servo_service.o [19]
  .bss               zero     0x2000'92e4          4     0x4  tasks.o [7]
  .bss               zero     0x2000'92e8          4     0x4  tasks.o [7]
  .bss               zero     0x2000'92ec          4     0x4  tasks.o [7]
  .bss               zero     0x2000'92f0          4     0x4  tasks.o [7]
  .bss               zero     0x2000'92f4          4     0x4  tasks.o [7]
  .bss               zero     0x2000'92f8          4     0x4  tasks.o [7]
  .bss               zero     0x2000'92fc          4     0x4  tasks.o [7]
  .bss               zero     0x2000'9300          4     0x4  tasks.o [7]
  .bss               zero     0x2000'9304          4     0x4  tasks.o [7]
  .bss               zero     0x2000'9308          4     0x4  tasks.o [7]
  .bss               zero     0x2000'930c          4     0x4  tasks.o [7]
  .bss               zero     0x2000'9310          4     0x4  tasks.o [7]
  .bss               zero     0x2000'9314          4     0x4  tasks.o [7]
  .bss               zero     0x2000'9318          4     0x4  tasks.o [7]
  .bss               zero     0x2000'931c          4     0x4  tasks.o [7]
  .bss               zero     0x2000'9320          4     0x4  timers.o [7]
  .bss               zero     0x2000'9324          4     0x4  timers.o [7]
  .bss               zero     0x2000'9328          4     0x4  timers.o [7]
  .bss               zero     0x2000'932c          4     0x4  timers.o [7]
  .bss               zero     0x2000'9330          4     0x4  timers.o [7]
  .bss               zero     0x2000'9334          4     0x4  watchdog_service.o [22]
  .bss               zero     0x2000'9338          4     0x4  watchdog_service.o [22]
  .bss               zero     0x2000'933c          4     0x4  watchdog_service.o [22]
  .bss               zero     0x2000'9340          4     0x4  xfail_s.o [23]
  .bss               zero     0x2000'9344          2     0x2  ota_service.o [17]
  .bss               zero     0x2000'9346                0x1  app_control.o [2]
  .bss               zero     0x2000'9347                0x1  app_control.o [2]
  .bss               zero     0x2000'9348                0x1  app_display.o [2]
  .bss               zero     0x2000'9349                0x1  app_hmi.o [2]
  .bss               zero     0x2000'934a                0x1  app_state.o [2]
  .bss               zero     0x2000'934b                0x1  digital_tube.o [11]
  .bss               zero     0x2000'934c                0x1  digital_tube.o [11]
  .bss               zero     0x2000'934d                0x1  digital_tube.o [11]
  .bss               zero     0x2000'934e                0x1  digital_tube_service.o [12]
  .bss               zero     0x2000'934f                0x1  drv_adc.o [6]
  .bss               zero     0x2000'9350                0x1  drv_adc.o [6]
  .bss               zero     0x2000'9351                0x1  drv_gpio.o [6]
  .bss               zero     0x2000'9352                0x1  drv_i2c.o [6]
  .bss               zero     0x2000'9353                0x1  drv_pwm.o [6]
  .bss               zero     0x2000'9354                0x1  drv_timer.o [6]
  .bss               zero     0x2000'9355                0x1  drv_uart.o [6]
  .bss               zero     0x2000'9356                0x1  eeprom.o [20]
  .bss               zero     0x2000'9357                0x1  encoder_service.o [13]
  .bss               zero     0x2000'9358                0x1  fault_service.o [14]
  .bss               zero     0x2000'9359                0x1  fault_service.o [14]
  .bss               zero     0x2000'935a                0x1  key_service.o [15]
  .bss               zero     0x2000'935b                0x1  led_service.o [16]
  .bss               zero     0x2000'935c                0x1  servo_service.o [19]
  .bss               zero     0x2000'935d                0x1  servo_service.o [19]
                            - 0x2000'935e             0x9352

"P2", part 3 of 3:                                     0x400
  CSTACK                      0x2000'9360          8   0x400  <Block>
    CSTACK           uninit   0x2000'9360              0x400  <Block tail>
                            - 0x2000'9760              0x400

Unused ranges:

         From           To      Size
         ----           --      ----
   0x801'5d6c   0x802'7ffd  0x1'2292
  0x2000'9760  0x2000'bfff    0x28a0


*******************************************************************************
*** INIT TABLE
***

          Address      Size
          -------      ----
Zero (__iar_zero_init3)
    1 destination range, total size 0x9352:
          0x2000'000c  0x9352

Copy (__iar_copy_init3)
    1 source range, total size 0xc:
           0x801'5bf4     0xc
    1 destination range, total size 0xc:
          0x2000'0000     0xc



*******************************************************************************
*** MODULE SUMMARY
***

    Module                   ro code  ro data  rw data
    ------                   -------  -------  -------
command line/config:
    Place holder __checksum                 2
    --------------------------------------------------
    Total:                                  2

E:\Code_Workspace\01_GD32_Project\05_GD32F103RCT6\01_Servo_Control_JW_V2.0_OTA\app\project\iar\..\..\..\boot\project\iar\Debug\Exe: [1]
    Servo_Control_boot.bin             21'440
    --------------------------------------------------
    Total:                             21'440

E:\Code_Workspace\01_GD32_Project\05_GD32F103RCT6\01_Servo_Control_JW_V2.0_OTA\app\project\iar\Debug\Obj\Application_4454359601498626787.dir: [2]
    app_config.o                 140      556
    app_control.o              1'904       32       22
    app_display.o              1'204       12       17
    app_hmi.o                  1'620      464       13
    app_hw.o                     228       68
    app_main.o                   120
    app_state.o                  460                33
    app_storage.o                624        8
    main.o                        20
    --------------------------------------------------
    Total:                     6'320    1'140       85

E:\Code_Workspace\01_GD32_Project\05_GD32F103RCT6\01_Servo_Control_JW_V2.0_OTA\app\project\iar\Debug\Obj\BSP_15524770269462287228.dir: [3]
    board.o                      472    1'200
    --------------------------------------------------
    Total:                       472    1'200

E:\Code_Workspace\01_GD32_Project\05_GD32F103RCT6\01_Servo_Control_JW_V2.0_OTA\app\project\iar\Debug\Obj\Device_13867102261166347011.dir: [4]
    dev_adc.o                    108
    dev_gpio.o                   310
    dev_i2c.o                    522
    dev_pwm.o                    200
    dev_timer.o                  228
    dev_uart.o                   904               192
    device.o                     596               128
    --------------------------------------------------
    Total:                     2'868               320

E:\Code_Workspace\01_GD32_Project\05_GD32F103RCT6\01_Servo_Control_JW_V2.0_OTA\app\project\iar\Debug\Obj\Device_1730774324548931077.dir: [5]
    gd32f10x_it.o                 12
    system_gd32f10x.o            340        4        4
    --------------------------------------------------
    Total:                       352        4        4

E:\Code_Workspace\01_GD32_Project\05_GD32F103RCT6\01_Servo_Control_JW_V2.0_OTA\app\project\iar\Debug\Obj\Drivers_14040216300654056098.dir: [6]
    drv_adc.o                    992       24      602
    drv_gpio.o                 1'704       24    1'537
    drv_i2c.o                  2'512       24      121
    drv_pwm.o                  1'232       24      609
    drv_timer.o                1'004       24      225
    drv_uart.o                 1'634       24    4'433
    --------------------------------------------------
    Total:                     9'078      144    7'527

E:\Code_Workspace\01_GD32_Project\05_GD32F103RCT6\01_Servo_Control_JW_V2.0_OTA\app\project\iar\Debug\Obj\FreeRTOS_4536360363620454665.dir: [7]
    heap_4.o                     536        4   24'604
    list.o                       138
    port.o                       248        4        4
    portasm.o                    136
    queue.o                    2'344
    stream_buffer.o            1'018
    tasks.o                    4'544       12    3'932
    timers.o                   1'112        8      328
    --------------------------------------------------
    Total:                    10'076       28   28'868

E:\Code_Workspace\01_GD32_Project\05_GD32F103RCT6\01_Servo_Control_JW_V2.0_OTA\app\project\iar\Debug\Obj\GD32F10x_driver_802374253036192153.dir: [8]
    gd32f10x_adc.o             1'044
    gd32f10x_dma.o             1'056
    gd32f10x_exti.o              192
    gd32f10x_gpio.o              452
    gd32f10x_i2c.o               620
    gd32f10x_misc.o              228
    gd32f10x_rcu.o               496       32
    gd32f10x_timer.o           1'892
    gd32f10x_usart.o             680
    --------------------------------------------------
    Total:                     6'660       32

E:\Code_Workspace\01_GD32_Project\05_GD32F103RCT6\01_Servo_Control_JW_V2.0_OTA\app\project\iar\Debug\Obj\Services_6399416474134996800.dir: [9]
    services.o                    34
    --------------------------------------------------
    Total:                        34

E:\Code_Workspace\01_GD32_Project\05_GD32F103RCT6\01_Servo_Control_JW_V2.0_OTA\app\project\iar\Debug\Obj\Startup_17868067532763321386.dir: [10]
    startup_gd32f10x_hd.o        512
    --------------------------------------------------
    Total:                       512

E:\Code_Workspace\01_GD32_Project\05_GD32F103RCT6\01_Servo_Control_JW_V2.0_OTA\app\project\iar\Debug\Obj\digital_tube_2074676353746859852.dir: [11]
    digital_tube.o               672       12       59
    --------------------------------------------------
    Total:                       672       12       59

E:\Code_Workspace\01_GD32_Project\05_GD32F103RCT6\01_Servo_Control_JW_V2.0_OTA\app\project\iar\Debug\Obj\digital_tube_service_12065541536213142526.dir: [12]
    digital_tube_service.o       304        8        5
    --------------------------------------------------
    Total:                       304        8        5

E:\Code_Workspace\01_GD32_Project\05_GD32F103RCT6\01_Servo_Control_JW_V2.0_OTA\app\project\iar\Debug\Obj\encoder_service_11621328168900944744.dir: [13]
    encoder_service.o            884                21
    --------------------------------------------------
    Total:                       884                21

E:\Code_Workspace\01_GD32_Project\05_GD32F103RCT6\01_Servo_Control_JW_V2.0_OTA\app\project\iar\Debug\Obj\fault_service_8632579021094681659.dir: [14]
    fault_service.o               44                10
    --------------------------------------------------
    Total:                        44                10

E:\Code_Workspace\01_GD32_Project\05_GD32F103RCT6\01_Servo_Control_JW_V2.0_OTA\app\project\iar\Debug\Obj\key_service_15439591275177894613.dir: [15]
    key_service.o                868        8       49
    --------------------------------------------------
    Total:                       868        8       49

E:\Code_Workspace\01_GD32_Project\05_GD32F103RCT6\01_Servo_Control_JW_V2.0_OTA\app\project\iar\Debug\Obj\led_service_4018479847909056226.dir: [16]
    led_service.o                852       12       17
    --------------------------------------------------
    Total:                       852       12       17

E:\Code_Workspace\01_GD32_Project\05_GD32F103RCT6\01_Servo_Control_JW_V2.0_OTA\app\project\iar\Debug\Obj\ota_service_7119661423722114140.dir: [17]
    ota_image.o                  468        8
    ota_protocol.o               498
    ota_service.o                824       16      570
    --------------------------------------------------
    Total:                     1'790       24      570

E:\Code_Workspace\01_GD32_Project\05_GD32F103RCT6\01_Servo_Control_JW_V2.0_OTA\app\project\iar\Debug\Obj\remote_service_13545358747635684842.dir: [18]
    remote_service.o             972                72
    --------------------------------------------------
    Total:                       972                72

E:\Code_Workspace\01_GD32_Project\05_GD32F103RCT6\01_Servo_Control_JW_V2.0_OTA\app\project\iar\Debug\Obj\servo_service_992771348006326893.dir: [19]
    servo_service.o              644                 6
    --------------------------------------------------
    Total:                       644                 6

E:\Code_Workspace\01_GD32_Project\05_GD32F103RCT6\01_Servo_Control_JW_V2.0_OTA\app\project\iar\Debug\Obj\storage_3435696131549692926.dir: [20]
    eeprom.o                   1'208                97
    --------------------------------------------------
    Total:                     1'208                97

E:\Code_Workspace\01_GD32_Project\05_GD32F103RCT6\01_Servo_Control_JW_V2.0_OTA\app\project\iar\Debug\Obj\utils_8906540227699916639.dir: [21]
    utils_lib.o                  188    1'536
    --------------------------------------------------
    Total:                       188    1'536

E:\Code_Workspace\01_GD32_Project\05_GD32F103RCT6\01_Servo_Control_JW_V2.0_OTA\app\project\iar\Debug\Obj\watchdog_service_15197748488102654179.dir: [22]
    watchdog_service.o            36                12
    --------------------------------------------------
    Total:                        36                12

dl7M_tln.a: [23]
    abort.o                        6
    exit.o                         4
    low_level_init.o               4
    vsnprint.o                    60
    xfail_s.o                     64                 4
    xprintffull_nomb.o         3'766
    xsnprout.o                    26
    --------------------------------------------------
    Total:                     3'930                 4

m7M_tl.a: [24]
    DblAddSub.o                  590
    DblCmpGe.o                    52
    DblCmpLe.o                    52
    DblDiv.o                     582
    DblMul.o                     426
    DblToS32.o                    54
    DblToU32.o                    34
    S32ToDbl.o                    34
    U32ToDbl.o                    28
    frexp.o                      112
    ldexp.o                      314
    --------------------------------------------------
    Total:                     2'278

rt7M_tl.a: [25]
    ABImemclr4.o                   6
    ABImemcpy.o                  166
    ABImemset.o                  102
    ABImemset48.o                 50
    I64DivMod.o                  560
    I64DivZer.o                    2
    cexit.o                        4
    cexit_2.o                     10
    cmain.o                       34
    copy_init3.o                  42
    cstartup_M.o                  30
    data_init.o                   40
    memchr.o                      88
    memcmp.o                     104
    strchr.o                      22
    strcmp.o                      18
    strlen.o                      54
    zero_init3.o                  56
    --------------------------------------------------
    Total:                     1'388

shb_l.a: [26]
    exit.o                        20
    --------------------------------------------------
    Total:                        20

    Gaps                          46        4
    Linker created                         36    1'024
------------------------------------------------------
    Grand Total:              52'496   25'630   38'750


*******************************************************************************
*** ENTRY LIST
***

Entry                       Address    Size  Type      Object
-----                       -------    ----  ----      ------
.boot                    0x800'0000  0x53c0  Data  Gb  Servo_Control_boot.bin [1]
.iar.init_table$$Base    0x801'55ec           --   Gb  - Linker created -
.iar.init_table$$Limit   0x801'5610           --   Gb  - Linker created -
?main                    0x801'559d          Code  Gb  cmain.o [25]
ADC0_1_IRQHandler        0x801'5ce1          Code  Wk  startup_gd32f10x_hd.o [10]
ADC2_IRQHandler          0x801'5d4d          Code  Wk  startup_gd32f10x_hd.o [10]
BusFault_Handler         0x801'5bef     0x2  Code  Gb  gd32f10x_it.o [5]
CAN0_EWMC_IRQHandler     0x801'5cf1          Code  Wk  startup_gd32f10x_hd.o [10]
CAN0_RX1_IRQHandler      0x801'5ced          Code  Wk  startup_gd32f10x_hd.o [10]
CSTACK$$Base            0x2000'9360           --   Gb  - Linker created -
CSTACK$$Limit           0x2000'9760           --   Gb  - Linker created -
DMA0_Channel0_IRQHandler
                         0x801'5cc5          Code  Wk  startup_gd32f10x_hd.o [10]
DMA0_Channel1_IRQHandler
                         0x801'5cc9          Code  Wk  startup_gd32f10x_hd.o [10]
DMA0_Channel2_IRQHandler
                         0x801'5ccd          Code  Wk  startup_gd32f10x_hd.o [10]
DMA0_Channel3_IRQHandler
                         0x801'5cd1          Code  Wk  startup_gd32f10x_hd.o [10]
DMA0_Channel4_IRQHandler
                         0x801'5cd5          Code  Wk  startup_gd32f10x_hd.o [10]
DMA0_Channel5_IRQHandler
                         0x801'5cd9          Code  Wk  startup_gd32f10x_hd.o [10]
DMA0_Channel6_IRQHandler
                         0x801'5cdd          Code  Wk  startup_gd32f10x_hd.o [10]
DMA1_Channel0_IRQHandler
                         0x801'5d61          Code  Wk  startup_gd32f10x_hd.o [10]
DMA1_Channel1_IRQHandler
                         0x801'5d65          Code  Wk  startup_gd32f10x_hd.o [10]
DMA1_Channel2_IRQHandler
                         0x801'5d69          Code  Wk  startup_gd32f10x_hd.o [10]
DMA1_Channel3_4_IRQHandler
                         0x801'15b9     0xa  Code  Gb  drv_uart.o [6]
DebugMon_Handler         0x801'5bf3     0x2  Code  Gb  gd32f10x_it.o [5]
EXMC_IRQHandler          0x801'5d51          Code  Wk  startup_gd32f10x_hd.o [10]
EXTI0_IRQHandler         0x801'0d31     0xa  Code  Gb  drv_gpio.o [6]
EXTI10_15_IRQHandler     0x801'0d89    0x34  Code  Gb  drv_gpio.o [6]
EXTI1_IRQHandler         0x801'0d3b     0xa  Code  Gb  drv_gpio.o [6]
EXTI2_IRQHandler         0x801'0d45     0xa  Code  Gb  drv_gpio.o [6]
EXTI3_IRQHandler         0x801'0d4f     0xa  Code  Gb  drv_gpio.o [6]
EXTI4_IRQHandler         0x801'0d59     0xa  Code  Gb  drv_gpio.o [6]
EXTI5_9_IRQHandler       0x801'0d63    0x26  Code  Gb  drv_gpio.o [6]
FMC_IRQHandler           0x801'5cbd          Code  Wk  startup_gd32f10x_hd.o [10]
HardFault_Handler        0x801'5beb     0x2  Code  Gb  gd32f10x_it.o [5]
I2C0_ER_IRQHandler       0x801'5d15          Code  Wk  startup_gd32f10x_hd.o [10]
I2C0_EV_IRQHandler       0x801'5d11          Code  Wk  startup_gd32f10x_hd.o [10]
I2C1_ER_IRQHandler       0x801'5d1d          Code  Wk  startup_gd32f10x_hd.o [10]
I2C1_EV_IRQHandler       0x801'5d19          Code  Wk  startup_gd32f10x_hd.o [10]
LVD_IRQHandler           0x801'5cb1          Code  Wk  startup_gd32f10x_hd.o [10]
MemManage_Handler        0x801'5bed     0x2  Code  Gb  gd32f10x_it.o [5]
NMI_Handler              0x801'5be9     0x2  Code  Gb  gd32f10x_it.o [5]
NVIC_SystemReset         0x801'2b45    0x18  Code  Lc  ota_service.o [17]
PendSV_Handler           0x800'9b8d          Code  Gb  portasm.o [7]
RCU_IRQHandler           0x801'5cc1          Code  Wk  startup_gd32f10x_hd.o [10]
RTC_Alarm_IRQHandler     0x801'5d35          Code  Wk  startup_gd32f10x_hd.o [10]
RTC_IRQHandler           0x801'5cb9          Code  Wk  startup_gd32f10x_hd.o [10]
Region$$Table$$Base      0x801'55ec           --   Gb  - Linker created -
Region$$Table$$Limit     0x801'5610           --   Gb  - Linker created -
Reset_Handler            0x801'5b25          Code  Wk  startup_gd32f10x_hd.o [10]
SDIO_IRQHandler          0x801'5d55          Code  Wk  startup_gd32f10x_hd.o [10]
SPI0_IRQHandler          0x801'5d21          Code  Wk  startup_gd32f10x_hd.o [10]
SPI1_IRQHandler          0x801'5d25          Code  Wk  startup_gd32f10x_hd.o [10]
SPI2_IRQHandler          0x801'5d59          Code  Wk  startup_gd32f10x_hd.o [10]
SVC_Handler              0x800'9bd3          Code  Gb  portasm.o [7]
SysTick_Handler          0x800'96c7    0x28  Code  Gb  port.o [7]
SystemCoreClock         0x2000'0004     0x4  Data  Gb  system_gd32f10x.o [5]
SystemInit               0x801'50d5    0x9c  Code  Gb  system_gd32f10x.o [5]
TAMPER_IRQHandler        0x801'5cb5          Code  Wk  startup_gd32f10x_hd.o [10]
TIMER0_BRK_IRQHandler    0x801'5cf5          Code  Wk  startup_gd32f10x_hd.o [10]
TIMER0_Channel_IRQHandler
                         0x801'5d01          Code  Wk  startup_gd32f10x_hd.o [10]
TIMER0_TRG_CMT_IRQHandler
                         0x801'5cfd          Code  Wk  startup_gd32f10x_hd.o [10]
TIMER0_UP_IRQHandler     0x801'5cf9          Code  Wk  startup_gd32f10x_hd.o [10]
TIMER1_IRQHandler        0x801'5d05          Code  Wk  startup_gd32f10x_hd.o [10]
TIMER2_IRQHandler        0x801'5d09          Code  Wk  startup_gd32f10x_hd.o [10]
TIMER3_IRQHandler        0x801'5d0d          Code  Wk  startup_gd32f10x_hd.o [10]
TIMER4_IRQHandler        0x801'468f     0xa  Code  Gb  drv_timer.o [6]
TIMER5_IRQHandler        0x801'4699     0xa  Code  Gb  drv_timer.o [6]
TIMER6_IRQHandler        0x801'46a3     0xa  Code  Gb  drv_timer.o [6]
TIMER7_BRK_IRQHandler    0x801'5d3d          Code  Wk  startup_gd32f10x_hd.o [10]
TIMER7_Channel_IRQHandler
                         0x801'5d49          Code  Wk  startup_gd32f10x_hd.o [10]
TIMER7_TRG_CMT_IRQHandler
                         0x801'5d45          Code  Wk  startup_gd32f10x_hd.o [10]
TIMER7_UP_IRQHandler     0x801'5d41          Code  Wk  startup_gd32f10x_hd.o [10]
UART3_IRQHandler         0x801'159b     0xa  Code  Gb  drv_uart.o [6]
UART4_IRQHandler         0x801'5d5d          Code  Wk  startup_gd32f10x_hd.o [10]
USART0_IRQHandler        0x801'5d29          Code  Wk  startup_gd32f10x_hd.o [10]
USART1_IRQHandler        0x801'5d2d          Code  Wk  startup_gd32f10x_hd.o [10]
USART2_IRQHandler        0x801'5d31          Code  Wk  startup_gd32f10x_hd.o [10]
USBD_HP_CAN0_TX_IRQHandler
                         0x801'5ce5          Code  Wk  startup_gd32f10x_hd.o [10]
USBD_LP_CAN0_RX0_IRQHandler
                         0x801'5ce9          Code  Wk  startup_gd32f10x_hd.o [10]
USBD_WKUP_IRQHandler     0x801'5d39          Code  Wk  startup_gd32f10x_hd.o [10]
UsageFault_Handler       0x801'5bf1     0x2  Code  Gb  gd32f10x_it.o [5]
WWDGT_IRQHandler         0x801'5cad          Code  Wk  startup_gd32f10x_hd.o [10]
_LC                      0x800'a621     0x6  Code  Lc  xprintffull_nomb.o [23]
_LitobFullNoMb           0x800'b2f5   0x114  Code  Lc  xprintffull_nomb.o [23]
_PrintfFullNoMb          0x800'a627   0xc9e  Code  Gb  xprintffull_nomb.o [23]
_PutcharsFullNoMb        0x800'b461    0x2e  Code  Lc  xprintffull_nomb.o [23]
_SNProut                 0x800'9623    0x1a  Code  Gb  xsnprout.o [23]
__aeabi_cdcmple          0x800'b631          Code  Gb  DblCmpLe.o [24]
__aeabi_cdrcmple         0x800'b665          Code  Gb  DblCmpGe.o [24]
__aeabi_d2iz             0x800'b7d5          Code  Gb  DblToS32.o [24]
__aeabi_d2uiz            0x800'bcc9          Code  Gb  DblToU32.o [24]
__aeabi_ddiv             0x800'ba81          Code  Gb  DblDiv.o [24]
__aeabi_dmul             0x800'bd09          Code  Gb  DblMul.o [24]
__aeabi_dsub             0x800'b99d          Code  Gb  DblAddSub.o [24]
__aeabi_i2d              0x800'b80d          Code  Gb  S32ToDbl.o [24]
__aeabi_ldiv0            0x800'c0ed          Code  Gb  I64DivZer.o [25]
__aeabi_memclr4          0x800'a53d          Code  Gb  ABImemclr4.o [25]
__aeabi_memcpy           0x800'a545          Code  Gb  ABImemcpy.o [25]
__aeabi_memcpy4          0x800'a565          Code  Gb  ABImemcpy.o [25]
__aeabi_memcpy8          0x800'a565          Code  Gb  ABImemcpy.o [25]
__aeabi_memset           0x800'92f1          Code  Gb  ABImemset.o [25]
__aeabi_ui2d             0x800'bced          Code  Gb  U32ToDbl.o [24]
__aeabi_uldivmod         0x800'beb5          Code  Gb  I64DivMod.o [25]
__checksum               0x802'7ffe     0x2  Data  Gb  Place holder __checksum
__checksum_begin {Abs}   0x800'8000           --   Gb  <internal module>
__checksum_end {Abs}     0x802'7ffd           --   Gb  <internal module>
__cmain                  0x801'559d          Code  Gb  cmain.o [25]
__exit                   0x800'c0f1    0x14  Code  Gb  exit.o [26]
__iar_Fail_s             0x800'b4f1    0x1c  Code  Gb  xfail_s.o [23]
__iar_Memchr             0x800'b569          Code  Gb  memchr.o [25]
__iar_Memset             0x800'92f1          Code  Gb  ABImemset.o [25]
__iar_Memset4_word       0x800'a5ed          Code  Gb  ABImemset48.o [25]
__iar_Memset8_word       0x800'a5ed          Code  Gb  ABImemset48.o [25]
__iar_Memset_word        0x800'92f9          Code  Gb  ABImemset.o [25]
__iar_Strchr             0x800'b4d9          Code  Gb  strchr.o [25]
__iar_copy_init3         0x800'9357    0x2a  Code  Gb  copy_init3.o [25]
__iar_data_init3         0x801'552d    0x28  Code  Gb  data_init.o [25]
__iar_frexp              0x800'b5cd          Code  Gb  frexp.o [24]
__iar_frexp64            0x800'b5c1          Code  Gb  frexp.o [24]
__iar_frexpl             0x800'b5cd          Code  Gb  frexp.o [24]
__iar_ldexp64            0x800'b699          Code  Gb  ldexp.o [24]
__iar_program_start      0x801'5611          Code  Gb  cstartup_M.o [25]
__iar_scalbln64          0x800'b699          Code  Gb  ldexp.o [24]
__iar_scalbn64           0x800'b699          Code  Gb  ldexp.o [24]
__iar_zero_init3         0x801'53ed    0x38  Code  Gb  zero_init3.o [25]
__low_level_init         0x801'55bf     0x4  Code  Gb  low_level_init.o [23]
__vector_table           0x800'8000          Data  Gb  startup_gd32f10x_hd.o [10]
_call_main               0x801'55a9          Code  Gb  cmain.o [25]
_exit                    0x801'55dd          Code  Gb  cexit.o [25]
_exit_2                  0x801'55e1          Code  Gb  cexit_2.o [25]
abort                    0x800'c0e5     0x6  Code  Gb  abort.o [23]
adc_calibration_enable   0x801'3c0d    0x36  Code  Gb  gd32f10x_adc.o [8]
adc_channel_length_config
                         0x801'3c55    0x64  Code  Gb  gd32f10x_adc.o [8]
adc_data_alignment_config
                         0x801'3bc9    0x28  Code  Gb  gd32f10x_adc.o [8]
adc_deinit               0x801'3ae5    0x58  Code  Gb  gd32f10x_adc.o [8]
adc_dma_mode_enable      0x801'3c43    0x12  Code  Gb  gd32f10x_adc.o [8]
adc_enable               0x801'3bf1    0x1c  Code  Gb  gd32f10x_adc.o [8]
adc_external_trigger_config
                         0x801'3e47    0x70  Code  Gb  gd32f10x_adc.o [8]
adc_external_trigger_source_config
                         0x801'3df3    0x54  Code  Gb  gd32f10x_adc.o [8]
adc_mode_config          0x801'3b3d    0x14  Code  Gb  gd32f10x_adc.o [8]
adc_regular_channel_config
                         0x801'3cb9   0x13a  Code  Gb  gd32f10x_adc.o [8]
adc_software_trigger_enable
                         0x801'3eb7    0x32  Code  Gb  gd32f10x_adc.o [8]
adc_special_function_config
                         0x801'3b51    0x78  Code  Gb  gd32f10x_adc.o [8]
app_bt_find_param_command
                         0x801'2073    0x2e  Code  Lc  app_hmi.o [2]
app_bt_handle_param_command
                         0x801'20a1    0x52  Code  Lc  app_hmi.o [2]
app_bt_task              0x801'20f3    0xda  Code  Lc  app_hmi.o [2]
app_components_init      0x801'5221     0xa  Code  Gb  app_config.o [2]
app_control_apply_key_timing
                         0x800'd3a1    0x1a  Code  Lc  app_control.o [2]
app_control_auto_poll    0x800'd5e7   0x134  Code  Lc  app_control.o [2]
app_control_auto_save_fold_angle
                         0x800'd579    0x1a  Code  Lc  app_control.o [2]
app_control_auto_save_init_angle
                         0x800'd593    0x1a  Code  Lc  app_control.o [2]
app_control_auto_start   0x800'd5ad    0x3a  Code  Lc  app_control.o [2]
app_control_auto_stop    0x800'd563    0x16  Code  Lc  app_control.o [2]
app_control_check_power_off
                         0x800'd7c1    0x66  Code  Lc  app_control.o [2]
app_control_enter_lock   0x800'd4f3    0x36  Code  Lc  app_control.o [2]
app_control_execute_power_off
                         0x800'd77b    0x46  Code  Lc  app_control.o [2]
app_control_exit_lock    0x800'd529    0x3a  Code  Lc  app_control.o [2]
app_control_handle_command
                         0x800'd827    0xd2  Code  Lc  app_control.o [2]
app_control_init         0x800'd9cd    0xd2  Code  Gb  app_control.o [2]
app_control_move_servo_to
                         0x800'd3bb    0xac  Code  Lc  app_control.o [2]
app_control_post_command
                         0x800'd9a1    0x2c  Code  Gb  app_control.o [2]
app_control_power_lost_confirmed
                         0x800'd71b    0x60  Code  Lc  app_control.o [2]
app_control_save_params
                         0x800'd383    0x1e  Code  Lc  app_control.o [2]
app_control_save_power_off_state
                         0x800'd4d1    0x22  Code  Lc  app_control.o [2]
app_control_set_servo_pose
                         0x800'd467    0x6a  Code  Lc  app_control.o [2]
app_control_speed_to_delay_ms
                         0x800'd35d    0x16  Code  Lc  app_control.o [2]
app_control_speed_to_delay_ms::speed_delay_ms
                         0x801'5c30     0x8  Data  Lc  app_control.o [2]
app_control_task         0x800'd8f9    0x26  Code  Lc  app_control.o [2]
app_control_tick_elapsed
                         0x800'd373    0x10  Code  Lc  app_control.o [2]
app_display_adjust       0x801'26ff    0x5a  Code  Gb  app_display.o [2]
app_display_apply_value_to_state
                         0x801'2421    0x56  Code  Lc  app_display.o [2]
app_display_clamp_value
                         0x801'2477    0x56  Code  Lc  app_display.o [2]
app_display_commit_value
                         0x801'23b1    0x70  Code  Lc  app_display.o [2]
app_display_cycle_edit_mode
                         0x801'2671    0x8e  Code  Gb  app_display.o [2]
app_display_init         0x801'2759    0x64  Code  Gb  app_display.o [2]
app_display_lock         0x801'232d    0x2a  Code  Lc  app_display.o [2]
app_display_next_mode    0x801'238f    0x22  Code  Lc  app_display.o [2]
app_display_param_value
                         0x801'236b    0x24  Code  Lc  app_display.o [2]
app_display_show_mode_value
                         0x801'24cd    0xba  Code  Lc  app_display.o [2]
app_display_task         0x801'2587    0xea  Code  Lc  app_display.o [2]
app_display_tick_elapsed
                         0x801'231d    0x10  Code  Lc  app_display.o [2]
app_display_unlock       0x801'2357    0x14  Code  Lc  app_display.o [2]
app_encoder_task         0x801'1fa7    0x34  Code  Lc  app_hmi.o [2]
app_hmi_bt_printf        0x801'1e37    0x36  Code  Lc  app_hmi.o [2]
app_hmi_bt_report_params
                         0x801'1e6d    0x86  Code  Lc  app_hmi.o [2]
app_hmi_init             0x801'21cd    0xac  Code  Gb  app_hmi.o [2]
app_hmi_is_pairing       0x801'1cf9    0x50  Code  Lc  app_hmi.o [2]
app_hmi_lock             0x801'1c9d    0x2a  Code  Lc  app_hmi.o [2]
app_hmi_parse_u8_param   0x801'1d85    0xb2  Code  Lc  app_hmi.o [2]
app_hmi_save_params      0x801'1d49    0x3c  Code  Lc  app_hmi.o [2]
app_hmi_set_pairing      0x801'1cdb    0x1e  Code  Lc  app_hmi.o [2]
app_hmi_tick_elapsed     0x801'1c8d    0x10  Code  Lc  app_hmi.o [2]
app_hmi_unlock           0x801'1cc7    0x14  Code  Lc  app_hmi.o [2]
app_hw_bluetooth_read    0x800'ec9b    0x12  Code  Gb  app_hw.o [2]
app_hw_bluetooth_write   0x800'ecad    0x16  Code  Gb  app_hw.o [2]
app_hw_bluetooth_write_text
                         0x800'ecd5    0x20  Code  Gb  app_hw.o [2]
app_hw_power_hold_set    0x800'ec11    0x1c  Code  Gb  app_hw.o [2]
app_hw_read_locked_rotor_raw
                         0x800'ec71    0x2a  Code  Gb  app_hw.o [2]
app_hw_read_power_voltage_mv
                         0x800'ec2d    0x44  Code  Gb  app_hw.o [2]
app_key_action_cycle_edit_mode
                         0x801'1f17     0xa  Code  Lc  app_hmi.o [2]
app_key_action_enter_lock
                         0x801'1eff     0xc  Code  Lc  app_hmi.o [2]
app_key_action_exit_lock_by_key
                         0x801'1f0b     0xc  Code  Lc  app_hmi.o [2]
app_key_action_start_pairing
                         0x801'1f21    0x14  Code  Lc  app_hmi.o [2]
app_key_action_toggle_servo
                         0x801'1ef3     0xc  Code  Lc  app_hmi.o [2]
app_key_dispatch_event   0x801'1f35    0x58  Code  Lc  app_hmi.o [2]
app_key_task             0x801'1f8d    0x1a  Code  Lc  app_hmi.o [2]
app_locked_rotor_task    0x800'd91f    0x82  Code  Lc  app_control.o [2]
app_main_init            0x801'52ad    0x78  Code  Gb  app_main.o [2]
app_remote_task          0x801'1fdb    0x98  Code  Lc  app_hmi.o [2]
app_services_init        0x801'522b    0x66  Code  Gb  app_config.o [2]
app_state_fill_default_runtime
                         0x800'dd3d    0x24  Code  Lc  app_state.o [2]
app_state_get_runtime    0x800'de29    0x2e  Code  Gb  app_state.o [2]
app_state_get_servo_params
                         0x800'ddfb    0x2e  Code  Gb  app_state.o [2]
app_state_init           0x800'dd9d    0x30  Code  Gb  app_state.o [2]
app_state_lock           0x800'dd61    0x2a  Code  Lc  app_state.o [2]
app_state_set_display_mode
                         0x800'de97    0x1e  Code  Gb  app_state.o [2]
app_state_set_servo_params
                         0x800'ddcd    0x2e  Code  Gb  app_state.o [2]
app_state_set_servo_pose
                         0x800'de75    0x22  Code  Gb  app_state.o [2]
app_state_set_storage_source
                         0x800'deb5    0x1e  Code  Gb  app_state.o [2]
app_state_set_voltage    0x800'ded3    0x22  Code  Gb  app_state.o [2]
app_state_set_work_mode
                         0x800'de57    0x1e  Code  Gb  app_state.o [2]
app_state_unlock         0x800'dd8b    0x12  Code  Lc  app_state.o [2]
app_storage_calc_record_crc
                         0x800'dacd     0xe  Code  Lc  app_storage.o [2]
app_storage_get_default_params
                         0x800'db89    0x2e  Code  Gb  app_storage.o [2]
app_storage_get_record_crc
                         0x800'dadb     0xe  Code  Lc  app_storage.o [2]
app_storage_load_params
                         0x800'dc45    0xb2  Code  Gb  app_storage.o [2]
app_storage_params_is_valid
                         0x800'dbb7    0x8e  Code  Gb  app_storage.o [2]
app_storage_params_to_record
                         0x800'db25    0x64  Code  Lc  app_storage.o [2]
app_storage_record_to_params
                         0x800'daf5    0x30  Code  Lc  app_storage.o [2]
app_storage_save_params
                         0x800'dcf7    0x42  Code  Gb  app_storage.o [2]
app_storage_set_record_crc
                         0x800'dae9     0xc  Code  Lc  app_storage.o [2]
board_adcs_register      0x801'4f6d    0x66  Code  Lc  board.o [3]
board_device_init        0x801'50a1    0x1c  Code  Lc  board.o [3]
board_gpios_register     0x801'4ef5    0x3c  Code  Lc  board.o [3]
board_i2cs_register      0x801'4fd3    0x3c  Code  Lc  board.o [3]
board_init               0x801'50bd    0x10  Code  Gb  board.o [3]
board_pwms_register      0x801'4f31    0x3c  Code  Lc  board.o [3]
board_timers_register    0x801'504b    0x3c  Code  Lc  board.o [3]
board_uarts_register     0x801'500f    0x3c  Code  Lc  board.o [3]
crc16_tab                0x801'4cf4   0x200  Data  Gb  utils_lib.o [21]
crc32_tab                0x801'3ef8   0x400  Data  Lc  utils_lib.o [21]
dev_adc_find             0x800'f54b    0x26  Code  Lc  dev_adc.o [4]
dev_adc_read_raw         0x800'f571    0x46  Code  Gb  dev_adc.o [4]
dev_gpio_attach_irq      0x800'f335    0x6a  Code  Gb  dev_gpio.o [4]
dev_gpio_read            0x800'f2a9    0x54  Code  Gb  dev_gpio.o [4]
dev_gpio_toggle          0x800'f2fd    0x38  Code  Gb  dev_gpio.o [4]
dev_gpio_write           0x800'f269    0x40  Code  Gb  dev_gpio.o [4]
dev_i2c_find             0x800'f941    0x26  Code  Lc  dev_i2c.o [4]
dev_i2c_mem_read         0x800'faa7    0x64  Code  Gb  dev_i2c.o [4]
dev_i2c_mem_write        0x800'fa43    0x64  Code  Gb  dev_i2c.o [4]
dev_i2c_probe            0x800'fb0b    0x40  Code  Gb  dev_i2c.o [4]
dev_i2c_reg_width_is_valid
                         0x800'f967    0x20  Code  Lc  dev_i2c.o [4]
dev_i2c_transfer         0x800'f987    0xbc  Code  Gb  dev_i2c.o [4]
dev_pwm_config           0x800'f3c5    0x4a  Code  Gb  dev_pwm.o [4]
dev_pwm_find             0x800'f39f    0x26  Code  Lc  dev_pwm.o [4]
dev_pwm_set_pulse_width_us
                         0x800'f40f    0x34  Code  Gb  dev_pwm.o [4]
dev_pwm_start            0x800'f443    0x24  Code  Gb  dev_pwm.o [4]
dev_timer_attach_callback
                         0x800'f4c7    0x3c  Code  Gb  dev_timer.o [4]
dev_timer_config         0x800'f48d    0x3a  Code  Gb  dev_timer.o [4]
dev_timer_find           0x800'f467    0x26  Code  Lc  dev_timer.o [4]
dev_timer_start          0x800'f503    0x24  Code  Gb  dev_timer.o [4]
dev_timer_stop           0x800'f527    0x24  Code  Gb  dev_timer.o [4]
dev_uart_alloc_runtime   0x800'f625    0x48  Code  Lc  dev_uart.o [4]
dev_uart_find            0x800'f5c7    0x2c  Code  Lc  dev_uart.o [4]
dev_uart_find_runtime    0x800'f5f3    0x32  Code  Lc  dev_uart.o [4]
dev_uart_prepare         0x800'f757    0xb8  Code  Lc  dev_uart.o [4]
dev_uart_read            0x800'f821    0x78  Code  Gb  dev_uart.o [4]
dev_uart_release_runtime_resources
[...]
s_eeprom_count          0x2000'9356     0x1  Data  Lc  eeprom.o [20]
s_eeprom_devices        0x2000'8f84    0x60  Data  Lc  eeprom.o [20]
s_enabled               0x2000'934d     0x1  Data  Lc  digital_tube.o [11]
s_encoder_cfg            0x801'5c20     0x8  Data  Lc  app_config.o [2]
s_encoder_event_queue   0x2000'92a0     0x4  Data  Lc  encoder_service.o [13]
s_encoder_irq_ctx       0x2000'929c     0x4  Data  Lc  encoder_service.o [13]
s_encoder_item_count    0x2000'9357     0x1  Data  Lc  encoder_service.o [13]
s_encoder_items          0x801'59b4    0x10  Data  Lc  app_config.o [2]
s_encoder_items         0x2000'9298     0x4  Data  Lc  encoder_service.o [13]
s_encoder_runtime       0x2000'9260     0x8  Data  Lc  encoder_service.o [13]
s_feed                  0x2000'933c     0x4  Data  Lc  watchdog_service.o [22]
s_gd32_adc_ops           0x801'5758    0x18  Data  Lc  drv_adc.o [6]
s_gd32_gpio_ops          0x801'5770    0x18  Data  Lc  drv_gpio.o [6]
s_gd32_i2c_ops           0x801'5788    0x18  Data  Lc  drv_i2c.o [6]
s_gd32_pwm_ops           0x801'57a0    0x18  Data  Lc  drv_pwm.o [6]
s_gd32_timer_ops         0x801'57b8    0x18  Data  Lc  drv_timer.o [6]
s_gd32_uart_ops          0x801'57d0    0x18  Data  Lc  drv_uart.o [6]
s_gpio_count            0x2000'9351     0x1  Data  Lc  drv_gpio.o [6]
s_gpio_slots            0x2000'795c   0x600  Data  Lc  drv_gpio.o [6]
s_hmi_inited            0x2000'9349     0x1  Data  Lc  app_hmi.o [2]
s_hmi_mutex             0x2000'9288     0x4  Data  Lc  app_hmi.o [2]
s_i2c_count             0x2000'9352     0x1  Data  Lc  drv_i2c.o [6]
s_i2c_slots             0x2000'8e3c    0x78  Data  Lc  drv_i2c.o [6]
s_initialized           0x2000'934c     0x1  Data  Lc  digital_tube.o [11]
s_key_action_table       0x801'54dc    0x28  Data  Lc  app_hmi.o [2]
s_key_cfg                0x801'5810    0x14  Data  Lc  app_config.o [2]
s_key_debounce_ms       0x2000'92c4     0x4  Data  Lc  key_service.o [15]
s_key_event_queue       0x2000'92d0     0x4  Data  Lc  key_service.o [15]
s_key_item_count        0x2000'935a     0x1  Data  Lc  key_service.o [15]
s_key_items              0x801'5668    0x18  Data  Lc  app_config.o [2]
s_key_items             0x2000'92c0     0x4  Data  Lc  key_service.o [15]
s_key_long_press_ms     0x2000'92c8     0x4  Data  Lc  key_service.o [15]
s_key_runtime           0x2000'9210    0x18  Data  Lc  key_service.o [15]
s_key_timer_handle      0x2000'92d4     0x4  Data  Lc  key_service.o [15]
s_key_very_long_press_ms
                        0x2000'92cc     0x4  Data  Lc  key_service.o [15]
s_last_fault            0x2000'9358     0x1  Data  Lc  fault_service.o [14]
s_last_level            0x2000'9359     0x1  Data  Lc  fault_service.o [14]
s_last_power_check_tick
                        0x2000'9280     0x4  Data  Lc  app_control.o [2]
s_led_blink             0x2000'9270     0x8  Data  Lc  led_service.o [16]
s_led_cfg                0x801'5c18     0x8  Data  Lc  app_config.o [2]
s_led_item_count        0x2000'935b     0x1  Data  Lc  led_service.o [16]
s_led_items              0x801'5c10     0x8  Data  Lc  app_config.o [2]
s_led_items             0x2000'92d8     0x4  Data  Lc  led_service.o [16]
s_ota_payload_buf       0x2000'90e0    0x38  Data  Lc  ota_service.o [17]
s_ota_tx_buf            0x2000'87bc   0x200  Data  Lc  ota_service.o [17]
s_ota_tx_seq            0x2000'9344     0x2  Data  Lc  ota_service.o [17]
s_power_low_pending     0x2000'9347     0x1  Data  Lc  app_control.o [2]
s_power_low_tick        0x2000'927c     0x4  Data  Lc  app_control.o [2]
s_pwm_count             0x2000'9353     0x1  Data  Lc  drv_pwm.o [6]
s_pwm_slots             0x2000'835c   0x260  Data  Lc  drv_pwm.o [6]
s_remote                0x2000'9098    0x48  Data  Lc  remote_service.o [18]
s_remote_cfg             0x801'5680    0x18  Data  Lc  app_config.o [2]
s_remote_pair           0x2000'9258     0x8  Data  Lc  app_hmi.o [2]
s_report_count          0x2000'92a8     0x4  Data  Lc  fault_service.o [14]
s_required_alive_mask   0x2000'9338     0x4  Data  Lc  watchdog_service.o [22]
s_service_initialized   0x2000'934e     0x1  Data  Lc  digital_tube_service.o [12]
s_servo_angle           0x2000'935d     0x1  Data  Lc  servo_service.o [19]
s_servo_cfg              0x801'5c28     0x8  Data  Lc  app_config.o [2]
s_servo_item_count      0x2000'935c     0x1  Data  Lc  servo_service.o [19]
s_servo_items            0x801'59c4    0x10  Data  Lc  app_config.o [2]
s_servo_items           0x2000'92e0     0x4  Data  Lc  servo_service.o [19]
s_timer_count           0x2000'9354     0x1  Data  Lc  drv_timer.o [6]
s_timer_slots           0x2000'8b7c    0xe0  Data  Lc  drv_timer.o [6]
s_tube_cfg              0x2000'9118    0x34  Data  Lc  digital_tube.o [11]
s_uart_count            0x2000'9355     0x1  Data  Lc  drv_uart.o [6]
s_uart_runtime          0x2000'8c5c    0xc0  Data  Lc  dev_uart.o [4]
s_uart_slots            0x2000'600c  0x1150  Data  Lc  drv_uart.o [6]
scalbln                  0x800'b699          Code  Gb  ldexp.o [24]
scalblnl                 0x800'b699          Code  Gb  ldexp.o [24]
scalbn                   0x800'b699          Code  Gb  ldexp.o [24]
scalbnl                  0x800'b699          Code  Gb  ldexp.o [24]
scale                    0x800'b409    0x46  Code  Lc  xprintffull_nomb.o [23]
sec_hand                0x2000'9340     0x4  Data  Lc  xfail_s.o [23]
services_init            0x801'5579    0x22  Code  Gb  services.o [9]
servo_angle_to_pulse_us
                         0x800'e29d    0x2c  Code  Lc  servo_service.o [19]
servo_id_is_valid        0x800'e26d    0x30  Code  Lc  servo_service.o [19]
servo_service_init       0x800'e2c9   0x1b2  Code  Gb  servo_service.o [19]
servo_service_set_angle
                         0x800'e47b    0x6a  Code  Gb  servo_service.o [19]
strchr                   0x800'b4d9          Code  Gb  strchr.o [25]
strcmp                   0x800'd349          Code  Gb  strcmp.o [25]
strlen                   0x800'b531          Code  Gb  strlen.o [25]
system_clock_108m_hxtal
                         0x801'5171    0x8e  Code  Lc  system_gd32f10x.o [5]
system_clock_config      0x801'50cd     0x8  Code  Lc  system_gd32f10x.o [5]
timer_auto_reload_shadow_enable
                         0x801'0195     0xa  Code  Gb  gd32f10x_timer.o [8]
timer_channel_output_config
                         0x801'01e5   0x31c  Code  Gb  gd32f10x_timer.o [8]
timer_channel_output_mode_config
                         0x801'0535    0xae  Code  Gb  gd32f10x_timer.o [8]
timer_channel_output_pulse_value_config
                         0x801'05e3    0x4a  Code  Gb  gd32f10x_timer.o [8]
timer_channel_output_shadow_config
                         0x801'062d    0xae  Code  Gb  gd32f10x_timer.o [8]
timer_channel_output_struct_para_init
                         0x801'01cb    0x1a  Code  Gb  gd32f10x_timer.o [8]
timer_deinit             0x800'ffb1    0xd8  Code  Gb  gd32f10x_timer.o [8]
timer_disable            0x801'018b     0xa  Code  Gb  gd32f10x_timer.o [8]
timer_enable             0x801'0181     0xa  Code  Gb  gd32f10x_timer.o [8]
timer_init               0x801'00a5    0xdc  Code  Gb  gd32f10x_timer.o [8]
timer_interrupt_enable   0x801'06db    0x10  Code  Gb  gd32f10x_timer.o [8]
timer_interrupt_flag_clear
                         0x801'070b     0xa  Code  Gb  gd32f10x_timer.o [8]
timer_interrupt_flag_get
                         0x801'06eb    0x20  Code  Gb  gd32f10x_timer.o [8]
timer_primary_output_config
                         0x801'019f    0x2c  Code  Gb  gd32f10x_timer.o [8]
timer_struct_para_init   0x801'0089    0x1c  Code  Gb  gd32f10x_timer.o [8]
ucHeap                  0x2000'000c  0x6000  Data  Lc  heap_4.o [7]
usart_baudrate_set       0x801'1a65    0x8a  Code  Gb  gd32f10x_usart.o [8]
usart_data_receive       0x801'1bbd     0xa  Code  Gb  gd32f10x_usart.o [8]
usart_deinit             0x801'19e5    0x80  Code  Gb  gd32f10x_usart.o [8]
usart_disable            0x801'1b77    0x12  Code  Gb  gd32f10x_usart.o [8]
usart_dma_receive_config
                         0x801'1bc7    0x28  Code  Gb  gd32f10x_usart.o [8]
usart_dma_transmit_config
                         0x801'1bef    0x28  Code  Gb  gd32f10x_usart.o [8]
usart_enable             0x801'1b65    0x12  Code  Gb  gd32f10x_usart.o [8]
usart_interrupt_enable   0x801'1c17    0x20  Code  Gb  gd32f10x_usart.o [8]
usart_interrupt_flag_clear
                         0x801'1c77    0x16  Code  Gb  gd32f10x_usart.o [8]
usart_interrupt_flag_get
                         0x801'1c37    0x40  Code  Gb  gd32f10x_usart.o [8]
usart_parity_config      0x801'1b05    0x20  Code  Gb  gd32f10x_usart.o [8]
usart_receive_config     0x801'1ba3    0x1a  Code  Gb  gd32f10x_usart.o [8]
usart_stop_bit_set       0x801'1b45    0x20  Code  Gb  gd32f10x_usart.o [8]
usart_transmit_config    0x801'1b89    0x1a  Code  Gb  gd32f10x_usart.o [8]
usart_word_length_set    0x801'1b25    0x20  Code  Gb  gd32f10x_usart.o [8]
utils_calculate_crc16    0x800'ecf5    0x3a  Code  Gb  utils_lib.o [21]
utils_calculate_crc32    0x800'ed77    0x30  Code  Gb  utils_lib.o [21]
utils_get_u16_le         0x800'ed2f     0xe  Code  Gb  utils_lib.o [21]
utils_get_u32_le         0x800'ed3d    0x18  Code  Gb  utils_lib.o [21]
utils_put_u16_le         0x800'ed55     0xc  Code  Gb  utils_lib.o [21]
utils_put_u32_le         0x800'ed61    0x16  Code  Gb  utils_lib.o [21]
uxCriticalNesting       0x2000'0000     0x4  Data  Lc  port.o [7]
uxCurrentNumberOfTasks  0x2000'92f4     0x4  Data  Lc  tasks.o [7]
uxDeletedTasksWaitingCleanUp
                        0x2000'92f0     0x4  Data  Lc  tasks.o [7]
uxListRemove             0x800'95fb    0x28  Code  Gb  list.o [7]
uxSchedulerSuspended    0x2000'931c     0x4  Data  Lc  tasks.o [7]
uxTaskGetNumberOfTasks   0x800'8651     0x6  Code  Gb  tasks.o [7]
uxTaskNumber            0x2000'9310     0x4  Data  Lc  tasks.o [7]
uxTopReadyPriority      0x2000'92fc     0x4  Data  Lc  tasks.o [7]
uxTopUsedPriority       0x2000'0008     0x4  Data  Lc  tasks.o [7]
vApplicationGetIdleTaskMemory
                         0x800'9273    0x10  Code  Gb  tasks.o [7]
vApplicationGetIdleTaskMemory::uxIdleTaskStack
                        0x2000'7f5c   0x400  Data  Lc  tasks.o [7]
vApplicationGetIdleTaskMemory::xIdleTaskTCB
                        0x2000'8eb4    0x68  Data  Lc  tasks.o [7]
vApplicationGetTimerTaskMemory
                         0x800'9283    0x10  Code  Gb  tasks.o [7]
vApplicationGetTimerTaskMemory::uxTimerTaskStack
                        0x2000'715c   0x800  Data  Lc  tasks.o [7]
vApplicationGetTimerTaskMemory::xTimerTaskTCB
                        0x2000'8f1c    0x68  Data  Lc  tasks.o [7]
vListInitialise          0x800'9599    0x26  Code  Gb  list.o [7]
vListInitialiseItem      0x800'95bf     0x6  Code  Gb  list.o [7]
vListInsert              0x800'95c5    0x36  Code  Gb  list.o [7]
vPortEnterCritical       0x800'9699    0x18  Code  Gb  port.o [7]
vPortExitCritical        0x800'96b1    0x16  Code  Gb  port.o [7]
vPortFree                0x800'9475    0x4a  Code  Gb  heap_4.o [7]
vPortSetupTimerInterrupt
                         0x800'9b59    0x34  Code  Wk  port.o [7]
vPortStartFirstTask      0x800'9bf3          Code  Gb  portasm.o [7]
vQueueDelete             0x800'a2d5    0x16  Code  Gb  queue.o [7]
vQueueWaitForMessageRestricted
                         0x800'a495    0x4c  Code  Gb  queue.o [7]
vStreamBufferDelete      0x800'fc1f    0x2a  Code  Gb  stream_buffer.o [7]
vTaskDelay               0x800'83ed    0x34  Code  Gb  tasks.o [7]
vTaskInternalSetTimeOutState
                         0x800'899f    0x12  Code  Gb  tasks.o [7]
vTaskMissedYield         0x800'8a37     0xa  Code  Gb  tasks.o [7]
vTaskPlaceOnEventList    0x800'8859    0x20  Code  Gb  tasks.o [7]
vTaskPlaceOnEventListRestricted
                         0x800'8879    0x44  Code  Gb  tasks.o [7]
vTaskPriorityDisinheritAfterTimeout
                         0x800'8cc5    0xa8  Code  Gb  tasks.o [7]
vTaskStartScheduler      0x800'84a5    0x4e  Code  Gb  tasks.o [7]
vTaskSuspendAll          0x800'84f3     0xc  Code  Gb  tasks.o [7]
vTaskSwitchContext       0x800'87e9    0x66  Code  Gb  tasks.o [7]
vsnprintf                0x801'22e1    0x3c  Code  Gb  vsnprint.o [23]
watchdog_service_init    0x801'5555    0x16  Code  Gb  watchdog_service.o [22]
xActiveTimerList1       0x2000'91d8    0x1c  Data  Lc  timers.o [7]
xActiveTimerList2       0x2000'91f4    0x1c  Data  Lc  timers.o [7]
xDelayedTaskList1       0x2000'914c    0x1c  Data  Lc  tasks.o [7]
xDelayedTaskList2       0x2000'9168    0x1c  Data  Lc  tasks.o [7]
xFreeBytesRemaining     0x2000'92b0     0x4  Data  Lc  heap_4.o [7]
xHeapStructSize          0x801'5ca8     0x4  Data  Lc  heap_4.o [7]
xIdleTaskHandles        0x2000'9318     0x4  Data  Lc  tasks.o [7]
xMinimumEverFreeBytesRemaining
                        0x2000'92b4     0x4  Data  Lc  heap_4.o [7]
xNextTaskUnblockTime    0x2000'9314     0x4  Data  Lc  tasks.o [7]
xNumOfOverflows         0x2000'930c     0x4  Data  Lc  tasks.o [7]
xNumberOfSuccessfulAllocations
                        0x2000'92b8     0x4  Data  Lc  heap_4.o [7]
xNumberOfSuccessfulFrees
                        0x2000'92bc     0x4  Data  Lc  heap_4.o [7]
xPendedTicks            0x2000'9304     0x4  Data  Lc  tasks.o [7]
xPendingReadyList       0x2000'9184    0x1c  Data  Lc  tasks.o [7]
xPortStartScheduler      0x800'966d    0x2c  Code  Gb  port.o [7]
xQueueCreateMutex        0x800'9db9    0x20  Code  Gb  queue.o [7]
xQueueGenericCreate      0x800'9d03    0x5c  Code  Gb  queue.o [7]
xQueueGenericCreateStatic
                         0x800'9cb7    0x4c  Code  Gb  queue.o [7]
xQueueGenericReset       0x800'9c15    0xa2  Code  Gb  queue.o [7]
xQueueGenericSend        0x800'9dd9   0x15a  Code  Gb  queue.o [7]
xQueueGenericSendFromISR
                         0x800'9f33    0xb6  Code  Gb  queue.o [7]
xQueueGiveFromISR        0x800'9fe9    0x94  Code  Gb  queue.o [7]
xQueueReceive            0x800'a07d   0x108  Code  Gb  queue.o [7]
xQueueSemaphoreTake      0x800'a185   0x14a  Code  Gb  queue.o [7]
xSchedulerRunning       0x2000'9300     0x4  Data  Lc  tasks.o [7]
xStart                  0x2000'9268     0x8  Data  Lc  heap_4.o [7]
xStreamBufferGenericCreate
                         0x800'fbb5    0x6a  Code  Gb  stream_buffer.o [7]
xStreamBufferNextMessageLengthBytes
                         0x800'fe19    0x30  Code  Gb  stream_buffer.o [7]
xStreamBufferReceive     0x800'fd55    0xc4  Code  Gb  stream_buffer.o [7]
xStreamBufferSendFromISR
                         0x800'fc77    0x8a  Code  Gb  stream_buffer.o [7]
xStreamBufferSpacesAvailable
                         0x800'fc49    0x2e  Code  Gb  stream_buffer.o [7]
xSuspendedTaskList      0x2000'91bc    0x1c  Data  Lc  tasks.o [7]
xTaskCheckForTimeOut     0x800'89b1    0x86  Code  Gb  tasks.o [7]
xTaskCreate              0x800'8245    0x38  Code  Gb  tasks.o [7]
xTaskCreateStatic        0x800'8191    0x42  Code  Gb  tasks.o [7]
xTaskGenericNotify       0x800'8e65   0x14e  Code  Gb  tasks.o [7]
xTaskGenericNotifyFromISR
                         0x800'8fc1   0x1d2  Code  Gb  tasks.o [7]
xTaskGenericNotifyStateClear
                         0x800'9193    0x3a  Code  Gb  tasks.o [7]
xTaskGenericNotifyWait   0x800'8d85    0xdc  Code  Gb  tasks.o [7]
xTaskGetCurrentTaskHandle
                         0x800'8b51     0x8  Code  Gb  tasks.o [7]
xTaskGetSchedulerState   0x800'8b5d    0x20  Code  Gb  tasks.o [7]
xTaskGetTickCount        0x800'863f     0x8  Code  Gb  tasks.o [7]
xTaskGetTickCountFromISR
                         0x800'8647     0xa  Code  Gb  tasks.o [7]
xTaskIncrementTick       0x800'8671   0x16c  Code  Gb  tasks.o [7]
xTaskPriorityDisinherit
                         0x800'8c3f    0x80  Code  Gb  tasks.o [7]
xTaskPriorityInherit     0x800'8b85    0xba  Code  Gb  tasks.o [7]
xTaskRemoveFromEventList
                         0x800'88bd    0xe2  Code  Gb  tasks.o [7]
xTaskResumeAll           0x800'84ff   0x140  Code  Gb  tasks.o [7]
xTasksWaitingTermination
                        0x2000'91a0    0x1c  Data  Lc  tasks.o [7]
xTickCount              0x2000'92f8     0x4  Data  Lc  tasks.o [7]
xTimerCreate             0x800'9759    0x36  Code  Gb  timers.o [7]
xTimerCreateTimerTask    0x800'9701    0x58  Code  Gb  timers.o [7]
xTimerGenericCommandFromTask
                         0x800'97d3    0x5c  Code  Gb  timers.o [7]
xTimerQueue             0x2000'9328     0x4  Data  Lc  timers.o [7]
xTimerTaskHandle        0x2000'932c     0x4  Data  Lc  timers.o [7]
xYieldPendings          0x2000'9308     0x4  Data  Lc  tasks.o [7]


[1] = E:\Code_Workspace\01_GD32_Project\05_GD32F103RCT6\01_Servo_Control_JW_V2.0_OTA\app\project\iar\..\..\..\boot\project\iar\Debug\Exe
[2] = E:\Code_Workspace\01_GD32_Project\05_GD32F103RCT6\01_Servo_Control_JW_V2.0_OTA\app\project\iar\Debug\Obj\Application_4454359601498626787.dir
[3] = E:\Code_Workspace\01_GD32_Project\05_GD32F103RCT6\01_Servo_Control_JW_V2.0_OTA\app\project\iar\Debug\Obj\BSP_15524770269462287228.dir
[4] = E:\Code_Workspace\01_GD32_Project\05_GD32F103RCT6\01_Servo_Control_JW_V2.0_OTA\app\project\iar\Debug\Obj\Device_13867102261166347011.dir
[5] = E:\Code_Workspace\01_GD32_Project\05_GD32F103RCT6\01_Servo_Control_JW_V2.0_OTA\app\project\iar\Debug\Obj\Device_1730774324548931077.dir
[6] = E:\Code_Workspace\01_GD32_Project\05_GD32F103RCT6\01_Servo_Control_JW_V2.0_OTA\app\project\iar\Debug\Obj\Drivers_14040216300654056098.dir
[7] = E:\Code_Workspace\01_GD32_Project\05_GD32F103RCT6\01_Servo_Control_JW_V2.0_OTA\app\project\iar\Debug\Obj\FreeRTOS_4536360363620454665.dir
[8] = E:\Code_Workspace\01_GD32_Project\05_GD32F103RCT6\01_Servo_Control_JW_V2.0_OTA\app\project\iar\Debug\Obj\GD32F10x_driver_802374253036192153.dir
[9] = E:\Code_Workspace\01_GD32_Project\05_GD32F103RCT6\01_Servo_Control_JW_V2.0_OTA\app\project\iar\Debug\Obj\Services_6399416474134996800.dir
[10] = E:\Code_Workspace\01_GD32_Project\05_GD32F103RCT6\01_Servo_Control_JW_V2.0_OTA\app\project\iar\Debug\Obj\Startup_17868067532763321386.dir
[11] = E:\Code_Workspace\01_GD32_Project\05_GD32F103RCT6\01_Servo_Control_JW_V2.0_OTA\app\project\iar\Debug\Obj\digital_tube_2074676353746859852.dir
[12] = E:\Code_Workspace\01_GD32_Project\05_GD32F103RCT6\01_Servo_Control_JW_V2.0_OTA\app\project\iar\Debug\Obj\digital_tube_service_12065541536213142526.dir
[13] = E:\Code_Workspace\01_GD32_Project\05_GD32F103RCT6\01_Servo_Control_JW_V2.0_OTA\app\project\iar\Debug\Obj\encoder_service_11621328168900944744.dir
[14] = E:\Code_Workspace\01_GD32_Project\05_GD32F103RCT6\01_Servo_Control_JW_V2.0_OTA\app\project\iar\Debug\Obj\fault_service_8632579021094681659.dir
[15] = E:\Code_Workspace\01_GD32_Project\05_GD32F103RCT6\01_Servo_Control_JW_V2.0_OTA\app\project\iar\Debug\Obj\key_service_15439591275177894613.dir
[16] = E:\Code_Workspace\01_GD32_Project\05_GD32F103RCT6\01_Servo_Control_JW_V2.0_OTA\app\project\iar\Debug\Obj\led_service_4018479847909056226.dir
[17] = E:\Code_Workspace\01_GD32_Project\05_GD32F103RCT6\01_Servo_Control_JW_V2.0_OTA\app\project\iar\Debug\Obj\ota_service_7119661423722114140.dir
[18] = E:\Code_Workspace\01_GD32_Project\05_GD32F103RCT6\01_Servo_Control_JW_V2.0_OTA\app\project\iar\Debug\Obj\remote_service_13545358747635684842.dir
[19] = E:\Code_Workspace\01_GD32_Project\05_GD32F103RCT6\01_Servo_Control_JW_V2.0_OTA\app\project\iar\Debug\Obj\servo_service_992771348006326893.dir
[20] = E:\Code_Workspace\01_GD32_Project\05_GD32F103RCT6\01_Servo_Control_JW_V2.0_OTA\app\project\iar\Debug\Obj\storage_3435696131549692926.dir
[21] = E:\Code_Workspace\01_GD32_Project\05_GD32F103RCT6\01_Servo_Control_JW_V2.0_OTA\app\project\iar\Debug\Obj\utils_8906540227699916639.dir
[22] = E:\Code_Workspace\01_GD32_Project\05_GD32F103RCT6\01_Servo_Control_JW_V2.0_OTA\app\project\iar\Debug\Obj\watchdog_service_15197748488102654179.dir
[23] = dl7M_tln.a
[24] = m7M_tl.a
[25] = rt7M_tl.a
[26] = shb_l.a

  52'496 bytes of readonly  code memory
  25'630 bytes of readonly  data memory
  38'750 bytes of readwrite data memory

Errors: none
Warnings: none
